This is pdfTeX, Version 3.141592653-2.6-1.40.25 (TeX Live 2023/Debian) (preloaded format=pdflatex 2026.8.26)  26 AUG 2026 12:52
entering extended mode
 restricted \write18 enabled.
 file:line:error style messages enabled.
 %&-line parsing enabled.
**/mnt/c/Users/sebi1/OneDrive/Uni/Bachelorthesis/Bachelor_thesis/main.tex
(/mnt/c/Users/sebi1/OneDrive/Uni/Bachelorthesis/Bachelor_thesis/main.tex
LaTeX2e <2023-11-01> patch level 1
L3 programming layer <2024-01-22>
(./vutinfth.cls
Document Class: vutinfth 2025/10/19 v1.14 TU Wien Informatics thesis template
(/usr/share/texlive/texmf-dist/tex/latex/memoir/memoir.cls
Document Class: memoir 2024/01/26 v3.8.2 configurable book, report, article document class
(/usr/share/texlive/texmf-dist/tex/latex/xpatch/xpatch.sty (/usr/share/texlive/texmf-dist/tex/latex/l3kernel/expl3.sty
Package: expl3 2024-01-22 L3 programming layer (loader) 
 (/usr/share/texlive/texmf-dist/tex/latex/l3backend/l3backend-pdftex.def
File: l3backend-pdftex.def 2024-01-04 L3 backend support: PDF output (pdfTeX)
\l__color_backend_stack_int=\count187
\l__pdf_internal_box=\box51
))
Package: xpatch 2020/03/25 v0.3a Extending etoolbox patching commands
 (/usr/share/texlive/texmf-dist/tex/latex/l3packages/xparse/xparse.sty
Package: xparse 2023-10-10 L3 Experimental document command parser
) (/usr/share/texlive/texmf-dist/tex/latex/etoolbox/etoolbox.sty
Package: etoolbox 2020/10/05 v2.5k e-TeX tools for LaTeX (JAW)
\etb@tempcnta=\count188
))
\onelineskip=\skip48
\lxvchars=\skip49
\xlvchars=\skip50
\@memcnta=\count189
\c@@memmarkcntra=\count190
 (/usr/share/texlive/texmf-dist/tex/generic/iftex/iftex.sty
Package: iftex 2022/02/03 v1.0f TeX engine tests
)
\trimtop=\skip51
\trimedge=\skip52
 (/usr/share/texlive/texmf-dist/tex/latex/memoir/mem11.clo
File: mem11.clo 2022/07/29 v0.5 memoir class 11pt size option
)
\binding=\skip53
\spinemargin=\skip54
\foremargin=\skip55
\uppermargin=\skip56
\lowermargin=\skip57
\headdrop=\skip58
\normalrulethickness=\skip59
\mem@maxheadheight=\skip60
\mem@maxfootheight=\skip61
\headwidth=\skip62
\c@storedpagenumber=\count191
\memPD=\dimen140
\m@mabparskip=\skip63
\thanksmarkwidth=\skip64
\thanksmarksep=\skip65
\droptitle=\skip66
\c@book=\count192
\c@part=\count193
\c@chapter=\count194
\c@section=\count195
\c@subsection=\count196
\c@subsubsection=\count197
\c@paragraph=\count198
\c@subparagraph=\count199
\beforechapskip=\skip67
\midchapskip=\skip68
\afterchapskip=\skip69
\chapindent=\skip70
\bottomsectionskip=\skip71
\secindent=\skip72
\beforesecskip=\skip73
\aftersecskip=\skip74
\subsecindent=\skip75
\beforesubsecskip=\skip76
\aftersubsecskip=\skip77
\subsubsecindent=\skip78
\beforesubsubsecskip=\skip79
\aftersubsubsecskip=\skip80
\paraindent=\skip81
\beforeparaskip=\skip82
\afterparaskip=\skip83
\subparaindent=\skip84
\beforesubparaskip=\skip85
\aftersubparaskip=\skip86
\pfbreakskip=\skip87
\c@@ppsavesec=\count266
\c@@ppsaveapp=\count267
\ragrparindent=\dimen141
\everylistparindent=\dimen142
\parsepi=\skip88
\topsepi=\skip89
\itemsepi=\skip90
\parsepii=\skip91
\topsepii=\skip92
\topsepiii=\skip93
\itemsepii=\skip94
\itemsepiii=\skip95
\partopsepii=\skip96
\partopsepiii=\skip97
\m@msavetopsep=\skip98
\m@msavepartopsep=\skip99
\@enLab=\toks17
\abstitleskip=\skip100
\absleftindent=\skip101
\abs@leftindent=\dimen143
\absrightindent=\skip102
\absparindent=\skip103
\absparsep=\skip104
\c@vslineno=\count268
\c@poemline=\count269
\c@modulo@vs=\count270
\c@memfvsline=\count271
\vleftskip=\skip105
\vrightskip=\skip106
\stanzaskip=\skip107
\versewidth=\skip108
\vgap=\skip109
\vindent=\skip110
\vleftmargin=\dimen144
\c@verse=\count272
\c@chrsinstr=\count273
\beforepoemtitleskip=\skip111
\afterpoemtitleskip=\skip112
\c@poem=\count274
\beforePoemTitleskip=\skip113
\midPoemTitleskip=\skip114
\afterPoemTitleskip=\skip115
 (/usr/share/texlive/texmf-dist/tex/latex/tools/array.sty
Package: array 2023/10/16 v2.5g Tabular extension package (FMi)
\col@sep=\dimen145
\ar@mcellbox=\box52
\extrarowheight=\dimen146
\NC@list=\toks18
\extratabsurround=\skip116
\backup@length=\skip117
\ar@cellbox=\box53
) (/usr/share/texlive/texmf-dist/tex/latex/tools/dcolumn.sty
Package: dcolumn 2023/07/08 v1.06 decimal alignment package (DPC)
) (/usr/share/texlive/texmf-dist/tex/latex/tools/delarray.sty
Package: delarray 2014/10/28 v1.01 array delimiter package (DPC)
) (/usr/share/texlive/texmf-dist/tex/latex/tools/tabularx.sty
Package: tabularx 2023/07/08 v2.11c `tabularx' package (DPC)
\TX@col@width=\dimen147
\TX@old@table=\dimen148
\TX@old@col=\dimen149
\TX@target=\dimen150
\TX@delta=\dimen151
\TX@cols=\count275
\TX@ftn=\toks19
) (/usr/share/texlive/texmf-dist/tex/latex/booktabs/booktabs.sty
Package: booktabs 2020/01/12 v1.61803398 Publication quality tables
\heavyrulewidth=\dimen152
\lightrulewidth=\dimen153
\cmidrulewidth=\dimen154
\belowrulesep=\dimen155
\belowbottomsep=\dimen156
\aboverulesep=\dimen157
\abovetopsep=\dimen158
\cmidrulesep=\dimen159
\cmidrulekern=\dimen160
\defaultaddspace=\dimen161
\@cmidla=\count276
\@cmidlb=\count277
\@aboverulesep=\dimen162
\@belowrulesep=\dimen163
\@thisruleclass=\count278
\@lastruleclass=\count279
\@thisrulewidth=\dimen164
)
\ctableftskip=\skip118
\ctabrightskip=\skip119
\abovecolumnspenalty=\count280
\@linestogo=\count281
\@cellstogo=\count282
\@cellsincolumn=\count283
\crtok=\toks20
\@mincolumnwidth=\dimen165
\c@newflo@tctr=\count284
\mem@margin@floatbox=\box54
\@contcwidth=\skip120
\@contindw=\skip121
\abovecaptionskip=\skip122
\belowcaptionskip=\skip123
\subfloattopskip=\skip124
\subfloatcapskip=\skip125
\subfloatcaptopadj=\skip126
\subfloatbottomskip=\skip127
\subfloatlabelskip=\skip128
\subfloatcapmargin=\dimen166
\c@@contsubnum=\count285
\m@mscap@capbox=\box55
\m@mscap@fbox=\box56
\sidecapsep=\dimen167
\sidecapwidth=\dimen168
\m@m@tempdima=\dimen169
\m@mscapraise=\dimen170
\sidecapraise=\dimen171
\m@mscapmainwidth=\dimen172
\m@mscaplkern=\dimen173
\beforeepigraphskip=\skip129
\afterepigraphskip=\skip130
\epigraphwidth=\skip131
\epigraphrule=\skip132
LaTeX Info: Redefining \em on input line 6932.
LaTeX Info: Redefining \emph on input line 6940.
 (/usr/share/texlive/texmf-dist/tex/latex/hyperref/nameref.sty
Package: nameref 2023-11-26 v2.56 Cross-referencing by name of section
 (/usr/share/texlive/texmf-dist/tex/latex/refcount/refcount.sty
Package: refcount 2019/12/15 v3.6 Data extraction from label references (HO)
 (/usr/share/texlive/texmf-dist/tex/generic/ltxcmds/ltxcmds.sty
Package: ltxcmds 2023-12-04 v1.26 LaTeX kernel commands for general use (HO)
) (/usr/share/texlive/texmf-dist/tex/generic/infwarerr/infwarerr.sty
Package: infwarerr 2019/12/03 v1.5 Providing info/warning/error messages (HO)
)) (/usr/share/texlive/texmf-dist/tex/generic/gettitlestring/gettitlestring.sty
Package: gettitlestring 2019/12/15 v1.6 Cleanup title references (HO)
 (/usr/share/texlive/texmf-dist/tex/latex/kvoptions/kvoptions.sty
Package: kvoptions 2022-06-15 v3.15 Key value format for package options (HO)
 (/usr/share/texlive/texmf-dist/tex/latex/graphics/keyval.sty
Package: keyval 2022/05/29 v1.15 key=value parser (DPC)
\KV@toks@=\toks21
) (/usr/share/texlive/texmf-dist/tex/latex/kvsetkeys/kvsetkeys.sty
Package: kvsetkeys 2022-10-05 v1.19 Key value parser (HO)
)))
\c@section@level=\count286
)
\tocentryskip=\skip133
\tocbaseline=\skip134
\cftparskip=\skip135
\cftbeforebookskip=\skip136
\cftbookindent=\dimen174
\cftbooknumwidth=\dimen175
\cftbeforepartskip=\skip137
\cftpartindent=\skip138
\cftpartnumwidth=\skip139
\cftbeforechapterskip=\skip140
\cftchapterindent=\skip141
\cftchapternumwidth=\skip142
\cftbeforesectionskip=\skip143
\cftsectionindent=\skip144
\cftsectionnumwidth=\skip145
\cftbeforesubsectionskip=\skip146
\cftsubsectionindent=\skip147
\cftsubsectionnumwidth=\skip148
\cftbeforesubsubsectionskip=\skip149
\cftsubsubsectionindent=\skip150
\cftsubsubsectionnumwidth=\skip151
\cftbeforeparagraphskip=\skip152
\cftparagraphindent=\skip153
\cftparagraphnumwidth=\skip154
\cftbeforesubparagraphskip=\skip155
\cftsubparagraphindent=\skip156
\cftsubparagraphnumwidth=\skip157
\prechapterprecisshift=\dimen176
\c@maxsecnumdepth=\count287
\bibindent=\dimen177
\bibitemsep=\skip158
\indexcolsep=\skip159
\indexrule=\skip160
\indexmarkstyle=\toks22
\@indexbox=\insert252
LaTeX Info: Redefining \raggedbottom on input line 7935.
LaTeX Info: Redefining \flushbottom on input line 7939.
\glossarycolsep=\dimen178
\glossaryrule=\dimen179
\sideparvshift=\skip161
\sideins=\insert251
\sidebartopsep=\skip162
\sidebarhsep=\skip163
\sidebarvsep=\skip164
\sidebarwidth=\skip165
\footmarkwidth=\skip166
\footmarksep=\skip167
\footparindent=\skip168
\footinsdim=\skip169
\footinsv@r=\insert250
\@mpfootinsv@r=\insert249
\m@m@k=\count288
\m@m@h=\dimen180
\m@mipn@skip=\skip170
\sidefootins=\insert248
\sidefootadjust=\skip171
\sidefootheight=\skip172
\sidefoothsep=\skip173
\sidefootvsep=\skip174
\sidefootwidth=\skip175
\m@mdownsf=\skip176
\c@sidefootnote=\count289
\sidefootmarkwidth=\skip177
\sidefootmarksep=\skip178
\sidefootparindent=\skip179
\c@pagenote=\count290
\c@pagenoteshadow=\count291
\mem@pn@lastkern=\skip180
 (/usr/share/texlive/texmf-dist/tex/latex/tools/verbatim.sty
Package: verbatim 2023-11-06 v1.5v LaTeX2e package for verbatim enhancements
\every@verbatim=\toks23
\verbatim@line=\toks24
\verbatim@in@stream=\read2
)
\verbatimindent=\skip181
\verbatim@out=\write3
 (/usr/share/texlive/texmf-dist/tex/latex/base/shortvrb.sty
Package: shortvrb 2022/11/13 v3.0m Standard LaTeX documentation package V3 (FMi)
)
\bvboxsep=\skip182
\c@memfbvline=\count292
\c@bvlinectr=\count293
\bvnumlength=\skip183
\fb@frw=\dimen181
\fb@frh=\dimen182
\FrameRule=\dimen183
\FrameSep=\dimen184
\c@cp@cntr=\count294
\c@ism@mctr=\count295
\c@xsm@mctr=\count296
\c@csm@mctr=\count297
\c@ksm@mctr=\count298
\c@xksm@mctr=\count299
\c@cksm@mctr=\count300
\c@msm@mctr=\count301
\c@xmsm@mctr=\count302
\c@cmsm@mctr=\count303
\c@bsm@mctr=\count304
\c@workm@mctr=\count305
\c@sheetsequence=\count306
\c@lastsheet=\count307
\c@lastpage=\count308
 (/usr/share/texlive/texmf-dist/tex/latex/textcase/textcase.sty
Package: textcase 2023/07/27 v1.04 Text only upper/lower case changing (DPC)
Package textcase Info: Defining Legacy names on input line 20.
)
\c@figure=\count309
\c@lofdepth=\count310
\cftbeforefigureskip=\skip184
\cftfigureindent=\skip185
\cftfigurenumwidth=\skip186
\c@table=\count311
\c@lotdepth=\count312
\cftbeforetableskip=\skip187
\cfttableindent=\skip188
\cfttablenumwidth=\skip189
Package abstract [2008/07/23] emulated by memoir.
Package appendix [2008/07/23] emulated by memoir.
Package ccaption [2008/07/23] emulated by memoir.
Package changepage [2008/07/23] emulated by memoir.
Package chngcntr [2008/07/23] emulated by memoir.
Package chngpage [2008/07/23] emulated by memoir.
Package crop emulated by memoir.
Package enumerate [2008/07/23] emulated by memoir.
Package epigraph [2008/07/23] emulated by memoir.
Package ifmtarg [2008/07/23] emulated by memoir.
Package index [2008/07/23] emulated by memoir.
Package makeidx [2008/07/23] emulated by memoir.
Package moreverb [2008/07/23] emulated by memoir.
Package needspace [2008/07/23] emulated by memoir.
Package newfile [2008/07/23] emulated by memoir.
Package nextpage [2008/07/23] emulated by memoir.
Package pagenote [2008/07/23] emulated by memoir.
Package parskip [2008/07/23] emulated by memoir.
Package patchcmd [2008/07/23] emulated by memoir.
Package setspace [2008/07/23] emulated by memoir.
Package shortvrb [2008/07/23] emulated by memoir.
Package showidx [2008/07/23] emulated by memoir.
Package titleref [2008/07/23] emulated by memoir.
Package titling [2008/07/23] emulated by memoir.
Package tocbibind [2008/07/23] emulated by memoir.
Package tocloft [2008/07/23] emulated by memoir.
Package tocvsec2 [2008/07/23] emulated by memoir.
Package verbatim [2008/07/23] emulated by memoir.
Package verse [2008/07/23] emulated by memoir.
) (/usr/share/texlive/texmf-dist/tex/latex/psnfss/helvet.sty
Package: helvet 2020/03/25 PSNFSS-v9.3 (WaS) 
) (/usr/share/texmf/tex/latex/lm/lmodern.sty
Package: lmodern 2015/05/01 v1.6.1 Latin Modern Fonts
LaTeX Font Info:    Overwriting symbol font `operators' in version `normal'
(Font)                  OT1/cmr/m/n --> OT1/lmr/m/n on input line 22.
LaTeX Font Info:    Overwriting symbol font `letters' in version `normal'
(Font)                  OML/cmm/m/it --> OML/lmm/m/it on input line 23.
LaTeX Font Info:    Overwriting symbol font `symbols' in version `normal'
(Font)                  OMS/cmsy/m/n --> OMS/lmsy/m/n on input line 24.
LaTeX Font Info:    Overwriting symbol font `largesymbols' in version `normal'
(Font)                  OMX/cmex/m/n --> OMX/lmex/m/n on input line 25.
LaTeX Font Info:    Overwriting symbol font `operators' in version `bold'
(Font)                  OT1/cmr/bx/n --> OT1/lmr/bx/n on input line 26.
LaTeX Font Info:    Overwriting symbol font `letters' in version `bold'
(Font)                  OML/cmm/b/it --> OML/lmm/b/it on input line 27.
LaTeX Font Info:    Overwriting symbol font `symbols' in version `bold'
(Font)                  OMS/cmsy/b/n --> OMS/lmsy/b/n on input line 28.
LaTeX Font Info:    Overwriting symbol font `largesymbols' in version `bold'
(Font)                  OMX/cmex/m/n --> OMX/lmex/m/n on input line 29.
LaTeX Font Info:    Overwriting math alphabet `\mathbf' in version `normal'
(Font)                  OT1/cmr/bx/n --> OT1/lmr/bx/n on input line 31.
LaTeX Font Info:    Overwriting math alphabet `\mathsf' in version `normal'
(Font)                  OT1/cmss/m/n --> OT1/lmss/m/n on input line 32.
LaTeX Font Info:    Overwriting math alphabet `\mathit' in version `normal'
(Font)                  OT1/cmr/m/it --> OT1/lmr/m/it on input line 33.
LaTeX Font Info:    Overwriting math alphabet `\mathtt' in version `normal'
(Font)                  OT1/cmtt/m/n --> OT1/lmtt/m/n on input line 34.
LaTeX Font Info:    Overwriting math alphabet `\mathbf' in version `bold'
(Font)                  OT1/cmr/bx/n --> OT1/lmr/bx/n on input line 35.
LaTeX Font Info:    Overwriting math alphabet `\mathsf' in version `bold'
(Font)                  OT1/cmss/bx/n --> OT1/lmss/bx/n on input line 36.
LaTeX Font Info:    Overwriting math alphabet `\mathit' in version `bold'
(Font)                  OT1/cmr/bx/it --> OT1/lmr/bx/it on input line 37.
LaTeX Font Info:    Overwriting math alphabet `\mathtt' in version `bold'
(Font)                  OT1/cmtt/m/n --> OT1/lmtt/m/n on input line 38.
) (/usr/share/texlive/texmf-dist/tex/latex/psnfss/courier.sty
Package: courier 2020/03/25 PSNFSS-v9.3 (WaS) 
) (/usr/share/texlive/texmf-dist/tex/latex/base/fontenc.sty
Package: fontenc 2021/04/29 v2.0v Standard LaTeX package
LaTeX Font Info:    Trying to load font information for T1+lmr on input line 112.
 (/usr/share/texmf/tex/latex/lm/t1lmr.fd
File: t1lmr.fd 2015/05/01 v1.6.1 Font defs for Latin Modern
)) (/usr/share/texlive/texmf-dist/tex/generic/babel/babel.sty
Package: babel 2024/01/07 v24.1 The Babel package
\babel@savecnt=\count313
\U@D=\dimen185
\l@unhyphenated=\language89
 (/usr/share/texlive/texmf-dist/tex/generic/babel/txtbabel.def)
\bbl@readstream=\read3
\bbl@dirlevel=\count314
 (/usr/share/texlive/texmf-dist/tex/generic/babel-english/english.ldf
Language: english 2017/06/06 v3.3r English support from the babel system
Package babel Info: Hyphen rules for 'canadian' set to \l@english
(babel)             (\language0). Reported on input line 102.
Package babel Info: Hyphen rules for 'australian' set to \l@ukenglish
(babel)             (\language67). Reported on input line 105.
Package babel Info: Hyphen rules for 'newzealand' set to \l@ukenglish
(babel)             (\language67). Reported on input line 108.
) (/usr/share/texlive/texmf-dist/tex/generic/babel-german/naustrian.ldf
Language: naustrian 2024/01/19 v2.14 German support for babel (post-1996 orthography)
 (/usr/share/texlive/texmf-dist/tex/generic/babel-german/ngermanb.ldf
Language: ngermanb 2024/01/19 v2.14 German support for babel (post-1996 orthography)
Package babel Info: Hyphen rules for 'naustrian' set to \l@ngerman
(babel)             (\language62). Reported on input line 56.
Package babel Info: Making " an active character on input line 122.
))) (/usr/share/texlive/texmf-dist/tex/generic/babel/locale/de/babel-naustrian.tex
Package babel Info: Importing font and identification data for naustrian
(babel)             from babel-de-AT.ini. Reported on input line 11.
) (/usr/share/texlive/texmf-dist/tex/generic/babel/locale/en/babel-english.tex
Package babel Info: Importing font and identification data for english
(babel)             from babel-en.ini. Reported on input line 11.
) (/usr/share/texlive/texmf-dist/tex/latex/datetime2/datetime2.sty
Package: datetime2 2021/03/21 v1.5.7 (NLCT) date and time formats
 (/usr/share/texlive/texmf-dist/tex/latex/tracklang/tracklang.sty
Package: tracklang 2022/12/13 v1.6.1 (NLCT) Track Languages
 (/usr/share/texlive/texmf-dist/tex/generic/tracklang/tracklang.tex)) (/usr/share/texlive/texmf-dist/tex/latex/xkeyval/xkeyval.sty
Package: xkeyval 2022/06/16 v2.9 package option processing (HA)
 (/usr/share/texlive/texmf-dist/tex/generic/xkeyval/xkeyval.tex (/usr/share/texlive/texmf-dist/tex/generic/xkeyval/xkvutils.tex
\XKV@toks=\toks25
\XKV@tempa@toks=\toks26
)
\XKV@depth=\count315
File: xkeyval.tex 2014/12/03 v2.7a key=value parser (HA)
)) (/usr/share/texlive/texmf-dist/tex/latex/datetime2-german/datetime2-de-AT.ldf
File: datetime2-de-AT.ldf 2019/12/13 v3.0
 (/usr/share/texlive/texmf-dist/tex/latex/datetime2-german/datetime2-german-base.ldf
File: datetime2-german-base.ldf 2019/12/13 v3.0
 (/usr/share/texlive/texmf-dist/tex/generic/iftex/ifxetex.sty
Package: ifxetex 2019/10/25 v0.7 ifxetex legacy package. Use iftex instead.
) (/usr/share/texlive/texmf-dist/tex/generic/iftex/ifluatex.sty
Package: ifluatex 2019/10/25 v1.5 ifluatex legacy package. Use iftex instead.
) (/usr/share/texlive/texmf-dist/tex/latex/datetime2-german/datetime2-german-base-ascii.ldf
File: datetime2-german-base-ascii.ldf 2019/12/13 v3.0
))) (/usr/share/texlive/texmf-dist/tex/latex/datetime2-english/datetime2-english.ldf
File: datetime2-english.ldf 2019/10/21 v1.05 (NLCT)
 (/usr/share/texlive/texmf-dist/tex/latex/datetime2-english/datetime2-english-base.ldf
File: datetime2-english-base.ldf 2019/10/21 v1.05 (NLCT)
))) (/usr/share/texlive/texmf-dist/tex/latex/geometry/geometry.sty
Package: geometry 2020/01/02 v5.9 Page Geometry
 (/usr/share/texlive/texmf-dist/tex/generic/iftex/ifvtex.sty
Package: ifvtex 2019/10/25 v1.7 ifvtex legacy package. Use iftex instead.
)
\Gm@cnth=\count316
\Gm@cntv=\count317
\c@Gm@tempcnt=\count318
\Gm@bindingoffset=\dimen186
\Gm@wd@mp=\dimen187
\Gm@odd@mp=\dimen188
\Gm@even@mp=\dimen189
\Gm@layoutwidth=\dimen190
\Gm@layoutheight=\dimen191
\Gm@layouthoffset=\dimen192
\Gm@layoutvoffset=\dimen193
\Gm@dimlist=\toks27
) (/usr/share/texlive/texmf-dist/tex/latex/tools/calc.sty
Package: calc 2023/07/08 v4.3 Infix arithmetic (KKT,FJ)
\calc@Acount=\count319
\calc@Bcount=\count320
\calc@Adimen=\dimen194
\calc@Bdimen=\dimen195
\calc@Askip=\skip190
\calc@Bskip=\skip191
LaTeX Info: Redefining \setlength on input line 80.
LaTeX Info: Redefining \addtolength on input line 81.
\calc@Ccount=\count321
\calc@Cskip=\skip192
) (/usr/share/texlive/texmf-dist/tex/latex/graphics/graphicx.sty
Package: graphicx 2021/09/16 v1.2d Enhanced LaTeX Graphics (DPC,SPQR)
 (/usr/share/texlive/texmf-dist/tex/latex/graphics/graphics.sty
Package: graphics 2022/03/10 v1.4e Standard LaTeX Graphics (DPC,SPQR)
 (/usr/share/texlive/texmf-dist/tex/latex/graphics/trig.sty
Package: trig 2021/08/11 v1.11 sin cos tan (DPC)
) (/usr/share/texlive/texmf-dist/tex/latex/graphics-cfg/graphics.cfg
File: graphics.cfg 2016/06/04 v1.11 sample graphics configuration
)
Package graphics Info: Driver file: pdftex.def on input line 107.
 (/usr/share/texlive/texmf-dist/tex/latex/graphics-def/pdftex.def
File: pdftex.def 2022/09/22 v1.2b Graphics/color driver for pdftex
))
\Gin@req@height=\dimen196
\Gin@req@width=\dimen197
)
\vutinfth@tmp@parindent=\skip193
\vutinfth@tmp@baselineskip=\skip194
\vutinfth@tmp@parskip=\skip195
\vutinfth@logo@offset@x=\skip196
\vutinfth@logo@offset@y=\skip197
\vutinfth@logo@width@safe=\skip198
\vutinfth@logo@height=\skip199
\vutinfth@header@width=\skip256
\vutinfth@header@height=\skip257
\vutinfth@header@separator=\skip258
\vutinfth@bigskipamount=\skip259
\vutinfth@signature@height=\skip260
\vutinfth@signature@width=\skip261
\vutinfth@placedate@width=\skip262
)

LaTeX Warning: Writing or overwriting file `main.xmpdata'.

\openout15 = `main.xmpdata'.


(/usr/share/texlive/texmf-dist/tex/latex/base/fontenc.sty
Package: fontenc 2021/04/29 v2.0v Standard LaTeX package
) (/usr/share/texlive/texmf-dist/tex/latex/base/inputenc.sty
Package: inputenc 2021/02/14 v1.3d Input encoding file
\inpenc@prehook=\toks28
\inpenc@posthook=\toks29
) (/usr/share/texlive/texmf-dist/tex/latex/amsmath/amsmath.sty
Package: amsmath 2023/05/13 v2.17o AMS math features
\@mathmargin=\skip263

For additional information on amsmath, use the `?' option.
(/usr/share/texlive/texmf-dist/tex/latex/amsmath/amstext.sty
Package: amstext 2021/08/26 v2.01 AMS text
 (/usr/share/texlive/texmf-dist/tex/latex/amsmath/amsgen.sty
File: amsgen.sty 1999/11/30 v2.0 generic functions
\@emptytoks=\toks30
\ex@=\dimen198
)) (/usr/share/texlive/texmf-dist/tex/latex/amsmath/amsbsy.sty
Package: amsbsy 1999/11/29 v1.2d Bold Symbols
\pmbraise@=\dimen199
) (/usr/share/texlive/texmf-dist/tex/latex/amsmath/amsopn.sty
Package: amsopn 2022/04/08 v2.04 operator names
)
\inf@bad=\count322
LaTeX Info: Redefining \frac on input line 234.
\uproot@=\count323
\leftroot@=\count324
LaTeX Info: Redefining \overline on input line 399.
LaTeX Info: Redefining \colon on input line 410.
\classnum@=\count325
\DOTSCASE@=\count326
LaTeX Info: Redefining \ldots on input line 496.
LaTeX Info: Redefining \dots on input line 499.
LaTeX Info: Redefining \cdots on input line 620.
\Mathstrutbox@=\box57
\strutbox@=\box58
LaTeX Info: Redefining \big on input line 722.
LaTeX Info: Redefining \Big on input line 723.
LaTeX Info: Redefining \bigg on input line 724.
LaTeX Info: Redefining \Bigg on input line 725.
\big@size=\dimen256
LaTeX Font Info:    Redeclaring font encoding OML on input line 743.
LaTeX Font Info:    Redeclaring font encoding OMS on input line 744.
\macc@depth=\count327
LaTeX Info: Redefining \bmod on input line 905.
LaTeX Info: Redefining \pmod on input line 910.
LaTeX Info: Redefining \smash on input line 940.
LaTeX Info: Redefining \relbar on input line 970.
LaTeX Info: Redefining \Relbar on input line 971.
\c@MaxMatrixCols=\count328
\dotsspace@=\muskip16
\c@parentequation=\count329
\dspbrk@lvl=\count330
\tag@help=\toks31
\row@=\count331
\column@=\count332
\maxfields@=\count333
\andhelp@=\toks32
\eqnshift@=\dimen257
\alignsep@=\dimen258
\tagshift@=\dimen259
\tagwidth@=\dimen260
\totwidth@=\dimen261
\lineht@=\dimen262
\@envbody=\toks33
\multlinegap=\skip264
\multlinetaggap=\skip265
\mathdisplay@stack=\toks34
LaTeX Info: Redefining \[ on input line 2953.
LaTeX Info: Redefining \] on input line 2954.
) (/usr/share/texlive/texmf-dist/tex/latex/amsfonts/amssymb.sty
Package: amssymb 2013/01/14 v3.01 AMS font symbols
 (/usr/share/texlive/texmf-dist/tex/latex/amsfonts/amsfonts.sty
Package: amsfonts 2013/01/14 v3.01 Basic AMSFonts support
\symAMSa=\mathgroup4
\symAMSb=\mathgroup5
LaTeX Font Info:    Redeclaring math symbol \hbar on input line 98.
LaTeX Font Info:    Overwriting math alphabet `\mathfrak' in version `bold'
(Font)                  U/euf/m/n --> U/euf/b/n on input line 106.
)) (/usr/share/texlive/texmf-dist/tex/latex/mathtools/mathtools.sty
Package: mathtools 2022/06/29 v1.29 mathematical typesetting tools
 (/usr/share/texlive/texmf-dist/tex/latex/mathtools/mhsetup.sty
Package: mhsetup 2021/03/18 v1.4 programming setup (MH)
)
\g_MT_multlinerow_int=\count334
\l_MT_multwidth_dim=\dimen263
\origjot=\skip266
\l_MT_shortvdotswithinadjustabove_dim=\dimen264
\l_MT_shortvdotswithinadjustbelow_dim=\dimen265
\l_MT_above_intertext_sep=\dimen266
\l_MT_below_intertext_sep=\dimen267
\l_MT_above_shortintertext_sep=\dimen268
\l_MT_below_shortintertext_sep=\dimen269
\xmathstrut@box=\box59
\xmathstrut@dim=\dimen270
) (/usr/share/texlive/texmf-dist/tex/latex/microtype/microtype.sty
Package: microtype 2023/03/13 v3.1a Micro-typographical refinements (RS)
\MT@toks=\toks35
\MT@tempbox=\box60
\MT@count=\count335
LaTeX Info: Redefining \noprotrusionifhmode on input line 1059.
LaTeX Info: Redefining \leftprotrusion on input line 1060.
\MT@prot@toks=\toks36
LaTeX Info: Redefining \rightprotrusion on input line 1078.
LaTeX Info: Redefining \textls on input line 1368.
\MT@outer@kern=\dimen271
LaTeX Info: Redefining \textmicrotypecontext on input line 1988.
\MT@listname@count=\count336
 (/usr/share/texlive/texmf-dist/tex/latex/microtype/microtype-pdftex.def
File: microtype-pdftex.def 2023/03/13 v3.1a Definitions specific to pdftex (RS)
LaTeX Info: Redefining \lsstyle on input line 902.
LaTeX Info: Redefining \lslig on input line 902.
\MT@outer@space=\skip267
)
Package microtype Info: Loading configuration file microtype.cfg.
 (/usr/share/texlive/texmf-dist/tex/latex/microtype/microtype.cfg
File: microtype.cfg 2023/03/13 v3.1a microtype main configuration file (RS)
)) (/usr/share/texlive/texmf-dist/tex/latex/enumitem/enumitem.sty
Package: enumitem 2019/06/20 v3.9 Customized lists
\labelindent=\skip268
\enit@outerparindent=\dimen272
\enit@toks=\toks37
\enit@inbox=\box61
\enit@count@id=\count337
\enitdp@description=\count338
) (/usr/share/texlive/texmf-dist/tex/latex/multirow/multirow.sty
Package: multirow 2021/03/15 v2.8 Span multiple rows of a table
\multirow@colwidth=\skip269
\multirow@cntb=\count339
\multirow@dima=\skip270
\bigstrutjot=\dimen273
) (/usr/share/texlive/texmf-dist/tex/latex/caption/subcaption.sty
Package: subcaption 2023/07/28 v1.6b Sub-captions (AR)
 (/usr/share/texlive/texmf-dist/tex/latex/caption/caption.sty
Package: caption 2023/08/05 v3.6o Customizing captions (AR)
 (/usr/share/texlive/texmf-dist/tex/latex/caption/caption3.sty
Package: caption3 2023/07/31 v2.4d caption3 kernel (AR)
\caption@tempdima=\dimen274
\captionmargin=\dimen275
\caption@leftmargin=\dimen276
\caption@rightmargin=\dimen277
\caption@width=\dimen278
\caption@indent=\dimen279
\caption@parindent=\dimen280
\caption@hangindent=\dimen281
Package caption Info: memoir document class detected.
 (/usr/share/texlive/texmf-dist/tex/latex/caption/caption-memoir.sto
File: caption-memoir.sto 2023/09/08 v2.2c Adaption of the caption package to the memoir document class (AR)
))
\c@caption@flags=\count340
\c@continuedfloat=\count341
Package caption Info: changepage package is loaded.
\caption@adjustwidth@hsize=\dimen282
\caption@adjustwidth@linewidth=\dimen283
)
Package caption Info: New subtype `subfigure' on input line 238.
\c@subfigure=\count342
Package caption Info: New subtype `subtable' on input line 238.
\c@subtable=\count343
) (/usr/share/texlive/texmf-dist/tex/latex/algorithm2e/algorithm2e.sty
Package: algorithm2e 2017/07/18 v5.2 algorithms environments
\c@AlgoLine=\count344
 (/usr/share/texlive/texmf-dist/tex/latex/base/ifthen.sty
Package: ifthen 2022/04/13 v1.1d Standard LaTeX ifthen package (DPC)
)
\algocf@hangindent=\skip271
 (/usr/share/texlive/texmf-dist/tex/latex/ifoddpage/ifoddpage.sty
Package: ifoddpage 2022/10/18 v1.2 Conditionals for odd/even page detection
\c@checkoddpage=\count345
LaTeX Info: Redefining \checkoddpage on input line 45.
) (/usr/share/texlive/texmf-dist/tex/latex/tools/xspace.sty
Package: xspace 2014/10/28 v1.13 Space after command names (DPC,MH)
) (/usr/share/texlive/texmf-dist/tex/latex/relsize/relsize.sty
Package: relsize 2013/03/29 ver 4.1
)
\skiptotal=\skip272
\skiplinenumber=\skip273
\skiprule=\skip274
\skiphlne=\skip275
\skiptext=\skip276
\skiplength=\skip277
\algomargin=\skip278
\skipalgocfslide=\skip279
\algowidth=\dimen284
\inoutsize=\dimen285
\inoutindent=\dimen286
\interspacetitleruled=\dimen287
\interspacealgoruled=\dimen288
\interspacetitleboxruled=\dimen289
\algocf@ruledwidth=\skip280
\algocf@inoutbox=\box62
\algocf@inputbox=\box63
\AlCapSkip=\skip281
\AlCapHSkip=\skip282
\algoskipindent=\skip283
\algocf@nlbox=\box64
\algocf@hangingbox=\box65
\algocf@untilbox=\box66
\algocf@skipuntil=\skip284
\algocf@capbox=\box67
\algocf@lcaptionbox=\skip285
\algoheightruledefault=\skip286
\algoheightrule=\skip287
\algotitleheightruledefault=\skip288
\algotitleheightrule=\skip289
\c@algocfline=\count346
\c@algocfproc=\count347
\c@algocf=\count348
\algocf@algoframe=\box68
\algocf@algobox=\box69
) (/usr/share/texlive/texmf-dist/tex/latex/xcolor/xcolor.sty
Package: xcolor 2023/11/15 v3.01 LaTeX color extensions (UK)
 (/usr/share/texlive/texmf-dist/tex/latex/graphics-cfg/color.cfg
File: color.cfg 2016/01/02 v1.6 sample color configuration
)
Package xcolor Info: Driver file: pdftex.def on input line 274.
 (/usr/share/texlive/texmf-dist/tex/latex/graphics/mathcolor.ltx)
Package xcolor Info: Model `cmy' substituted by `cmy0' on input line 1350.
Package xcolor Info: Model `hsb' substituted by `rgb' on input line 1354.
Package xcolor Info: Model `RGB' extended on input line 1366.
Package xcolor Info: Model `HTML' substituted by `rgb' on input line 1368.
Package xcolor Info: Model `Hsb' substituted by `hsb' on input line 1369.
Package xcolor Info: Model `tHsb' substituted by `hsb' on input line 1370.
Package xcolor Info: Model `HSB' substituted by `hsb' on input line 1371.
Package xcolor Info: Model `Gray' substituted by `gray' on input line 1372.
Package xcolor Info: Model `wave' substituted by `hsb' on input line 1373.
) (/usr/share/texlive/texmf-dist/tex/latex/graphics/dvipsnam.def
File: dvipsnam.def 2016/06/17 v3.0m Driver-dependent file (DPC,SPQR)
) (/usr/share/texlive/texmf-dist/tex/latex/colortbl/colortbl.sty
Package: colortbl 2022/06/20 v1.0f Color table columns (DPC)
\everycr=\toks38
\minrowclearance=\skip290
\rownum=\count349
) (/usr/share/texlive/texmf-dist/tex/latex/nag/nag.sty
Package: nag 2011/11/25 0.7 warning about old commands (ulmi)
\c@nag@c=\count350
\c@nag@sins=\count351
) (/usr/share/texlive/texmf-dist/tex/latex/todonotes/todonotes.sty
Package: todonotes 2024/01/05 v1.1.7 Todonotes source and documentation.
Package: todonotes 2024/01/05
 (/usr/share/texlive/texmf-dist/tex/latex/pgf/frontendlayer/tikz.sty (/usr/share/texlive/texmf-dist/tex/latex/pgf/basiclayer/pgf.sty (/usr/share/texlive/texmf-dist/tex/latex/pgf/utilities/pgfrcs.sty (/usr/share/texlive/texmf-dist/tex/generic/pgf/utilities/pgfutil-common.tex
\pgfutil@everybye=\toks39
\pgfutil@tempdima=\dimen290
\pgfutil@tempdimb=\dimen291
) (/usr/share/texlive/texmf-dist/tex/generic/pgf/utilities/pgfutil-latex.def
\pgfutil@abb=\box70
) (/usr/share/texlive/texmf-dist/tex/generic/pgf/utilities/pgfrcs.code.tex (/usr/share/texlive/texmf-dist/tex/generic/pgf/pgf.revision.tex)
Package: pgfrcs 2023-01-15 v3.1.10 (3.1.10)
))
Package: pgf 2023-01-15 v3.1.10 (3.1.10)
 (/usr/share/texlive/texmf-dist/tex/latex/pgf/basiclayer/pgfcore.sty (/usr/share/texlive/texmf-dist/tex/latex/pgf/systemlayer/pgfsys.sty (/usr/share/texlive/texmf-dist/tex/generic/pgf/systemlayer/pgfsys.code.tex
Package: pgfsys 2023-01-15 v3.1.10 (3.1.10)
 (/usr/share/texlive/texmf-dist/tex/generic/pgf/utilities/pgfkeys.code.tex
\pgfkeys@pathtoks=\toks40
\pgfkeys@temptoks=\toks41
 (/usr/share/texlive/texmf-dist/tex/generic/pgf/utilities/pgfkeyslibraryfiltered.code.tex
\pgfkeys@tmptoks=\toks42
))
\pgf@x=\dimen292
\pgf@y=\dimen293
\pgf@xa=\dimen294
\pgf@ya=\dimen295
\pgf@xb=\dimen296
\pgf@yb=\dimen297
\pgf@xc=\dimen298
\pgf@yc=\dimen299
\pgf@xd=\dimen300
\pgf@yd=\dimen301
\w@pgf@writea=\write4
\r@pgf@reada=\read4
\c@pgf@counta=\count352
\c@pgf@countb=\count353
\c@pgf@countc=\count354
\c@pgf@countd=\count355
\t@pgf@toka=\toks43
\t@pgf@tokb=\toks44
\t@pgf@tokc=\toks45
\pgf@sys@id@count=\count356
 (/usr/share/texlive/texmf-dist/tex/generic/pgf/systemlayer/pgf.cfg
File: pgf.cfg 2023-01-15 v3.1.10 (3.1.10)
)
Driver file for pgf: pgfsys-pdftex.def
 (/usr/share/texlive/texmf-dist/tex/generic/pgf/systemlayer/pgfsys-pdftex.def
File: pgfsys-pdftex.def 2023-01-15 v3.1.10 (3.1.10)
 (/usr/share/texlive/texmf-dist/tex/generic/pgf/systemlayer/pgfsys-common-pdf.def
File: pgfsys-common-pdf.def 2023-01-15 v3.1.10 (3.1.10)
))) (/usr/share/texlive/texmf-dist/tex/generic/pgf/systemlayer/pgfsyssoftpath.code.tex
File: pgfsyssoftpath.code.tex 2023-01-15 v3.1.10 (3.1.10)
\pgfsyssoftpath@smallbuffer@items=\count357
\pgfsyssoftpath@bigbuffer@items=\count358
) (/usr/share/texlive/texmf-dist/tex/generic/pgf/systemlayer/pgfsysprotocol.code.tex
File: pgfsysprotocol.code.tex 2023-01-15 v3.1.10 (3.1.10)
)) (/usr/share/texlive/texmf-dist/tex/generic/pgf/basiclayer/pgfcore.code.tex
Package: pgfcore 2023-01-15 v3.1.10 (3.1.10)
 (/usr/share/texlive/texmf-dist/tex/generic/pgf/math/pgfmath.code.tex (/usr/share/texlive/texmf-dist/tex/generic/pgf/math/pgfmathutil.code.tex) (/usr/share/texlive/texmf-dist/tex/generic/pgf/math/pgfmathparser.code.tex
\pgfmath@dimen=\dimen302
\pgfmath@count=\count359
\pgfmath@box=\box71
\pgfmath@toks=\toks46
\pgfmath@stack@operand=\toks47
\pgfmath@stack@operation=\toks48
) (/usr/share/texlive/texmf-dist/tex/generic/pgf/math/pgfmathfunctions.code.tex) (/usr/share/texlive/texmf-dist/tex/generic/pgf/math/pgfmathfunctions.basic.code.tex) (/usr/share/texlive/texmf-dist/tex/generic/pgf/math/pgfmathfunctions.trigonometric.code.tex) (/usr/share/texlive/texmf-dist/tex/generic/pgf/math/pgfmathfunctions.random.code.tex) (/usr/share/texlive/texmf-dist/tex/generic/pgf/math/pgfmathfunctions.comparison.code.tex) (/usr/share/texlive/texmf-dist/tex/generic/pgf/math/pgfmathfunctions.base.code.tex) (/usr/share/texlive/texmf-dist/tex/generic/pgf/math/pgfmathfunctions.round.code.tex) (/usr/share/texlive/texmf-dist/tex/generic/pgf/math/pgfmathfunctions.misc.code.tex) (/usr/share/texlive/texmf-dist/tex/generic/pgf/math/pgfmathfunctions.integerarithmetics.code.tex) (/usr/share/texlive/texmf-dist/tex/generic/pgf/math/pgfmathcalc.code.tex) (/usr/share/texlive/texmf-dist/tex/generic/pgf/math/pgfmathfloat.code.tex
\c@pgfmathroundto@lastzeros=\count360
)) (/usr/share/texlive/texmf-dist/tex/generic/pgf/math/pgfint.code.tex) (/usr/share/texlive/texmf-dist/tex/generic/pgf/basiclayer/pgfcorepoints.code.tex
File: pgfcorepoints.code.tex 2023-01-15 v3.1.10 (3.1.10)
\pgf@picminx=\dimen303
\pgf@picmaxx=\dimen304
\pgf@picminy=\dimen305
\pgf@picmaxy=\dimen306
\pgf@pathminx=\dimen307
\pgf@pathmaxx=\dimen308
\pgf@pathminy=\dimen309
\pgf@pathmaxy=\dimen310
\pgf@xx=\dimen311
\pgf@xy=\dimen312
\pgf@yx=\dimen313
\pgf@yy=\dimen314
\pgf@zx=\dimen315
\pgf@zy=\dimen316
) (/usr/share/texlive/texmf-dist/tex/generic/pgf/basiclayer/pgfcorepathconstruct.code.tex
File: pgfcorepathconstruct.code.tex 2023-01-15 v3.1.10 (3.1.10)
\pgf@path@lastx=\dimen317
\pgf@path@lasty=\dimen318
) (/usr/share/texlive/texmf-dist/tex/generic/pgf/basiclayer/pgfcorepathusage.code.tex
File: pgfcorepathusage.code.tex 2023-01-15 v3.1.10 (3.1.10)
\pgf@shorten@end@additional=\dimen319
\pgf@shorten@start@additional=\dimen320
) (/usr/share/texlive/texmf-dist/tex/generic/pgf/basiclayer/pgfcorescopes.code.tex
File: pgfcorescopes.code.tex 2023-01-15 v3.1.10 (3.1.10)
\pgfpic=\box72
\pgf@hbox=\box73
\pgf@layerbox@main=\box74
\pgf@picture@serial@count=\count361
) (/usr/share/texlive/texmf-dist/tex/generic/pgf/basiclayer/pgfcoregraphicstate.code.tex
File: pgfcoregraphicstate.code.tex 2023-01-15 v3.1.10 (3.1.10)
\pgflinewidth=\dimen321
) (/usr/share/texlive/texmf-dist/tex/generic/pgf/basiclayer/pgfcoretransformations.code.tex
File: pgfcoretransformations.code.tex 2023-01-15 v3.1.10 (3.1.10)
\pgf@pt@x=\dimen322
\pgf@pt@y=\dimen323
\pgf@pt@temp=\dimen324
) (/usr/share/texlive/texmf-dist/tex/generic/pgf/basiclayer/pgfcorequick.code.tex
File: pgfcorequick.code.tex 2023-01-15 v3.1.10 (3.1.10)
) (/usr/share/texlive/texmf-dist/tex/generic/pgf/basiclayer/pgfcoreobjects.code.tex
File: pgfcoreobjects.code.tex 2023-01-15 v3.1.10 (3.1.10)
) (/usr/share/texlive/texmf-dist/tex/generic/pgf/basiclayer/pgfcorepathprocessing.code.tex
File: pgfcorepathprocessing.code.tex 2023-01-15 v3.1.10 (3.1.10)
) (/usr/share/texlive/texmf-dist/tex/generic/pgf/basiclayer/pgfcorearrows.code.tex
File: pgfcorearrows.code.tex 2023-01-15 v3.1.10 (3.1.10)
\pgfarrowsep=\dimen325
) (/usr/share/texlive/texmf-dist/tex/generic/pgf/basiclayer/pgfcoreshade.code.tex
File: pgfcoreshade.code.tex 2023-01-15 v3.1.10 (3.1.10)
\pgf@max=\dimen326
\pgf@sys@shading@range@num=\count362
\pgf@shadingcount=\count363
) (/usr/share/texlive/texmf-dist/tex/generic/pgf/basiclayer/pgfcoreimage.code.tex
File: pgfcoreimage.code.tex 2023-01-15 v3.1.10 (3.1.10)
) (/usr/share/texlive/texmf-dist/tex/generic/pgf/basiclayer/pgfcoreexternal.code.tex
File: pgfcoreexternal.code.tex 2023-01-15 v3.1.10 (3.1.10)
\pgfexternal@startupbox=\box75
) (/usr/share/texlive/texmf-dist/tex/generic/pgf/basiclayer/pgfcorelayers.code.tex
File: pgfcorelayers.code.tex 2023-01-15 v3.1.10 (3.1.10)
) (/usr/share/texlive/texmf-dist/tex/generic/pgf/basiclayer/pgfcoretransparency.code.tex
File: pgfcoretransparency.code.tex 2023-01-15 v3.1.10 (3.1.10)
) (/usr/share/texlive/texmf-dist/tex/generic/pgf/basiclayer/pgfcorepatterns.code.tex
File: pgfcorepatterns.code.tex 2023-01-15 v3.1.10 (3.1.10)
) (/usr/share/texlive/texmf-dist/tex/generic/pgf/basiclayer/pgfcorerdf.code.tex
File: pgfcorerdf.code.tex 2023-01-15 v3.1.10 (3.1.10)
))) (/usr/share/texlive/texmf-dist/tex/generic/pgf/modules/pgfmoduleshapes.code.tex
File: pgfmoduleshapes.code.tex 2023-01-15 v3.1.10 (3.1.10)
\pgfnodeparttextbox=\box76
) (/usr/share/texlive/texmf-dist/tex/generic/pgf/modules/pgfmoduleplot.code.tex
File: pgfmoduleplot.code.tex 2023-01-15 v3.1.10 (3.1.10)
) (/usr/share/texlive/texmf-dist/tex/latex/pgf/compatibility/pgfcomp-version-0-65.sty
Package: pgfcomp-version-0-65 2023-01-15 v3.1.10 (3.1.10)
\pgf@nodesepstart=\dimen327
\pgf@nodesepend=\dimen328
) (/usr/share/texlive/texmf-dist/tex/latex/pgf/compatibility/pgfcomp-version-1-18.sty
Package: pgfcomp-version-1-18 2023-01-15 v3.1.10 (3.1.10)
)) (/usr/share/texlive/texmf-dist/tex/latex/pgf/utilities/pgffor.sty (/usr/share/texlive/texmf-dist/tex/latex/pgf/utilities/pgfkeys.sty (/usr/share/texlive/texmf-dist/tex/generic/pgf/utilities/pgfkeys.code.tex)) (/usr/share/texlive/texmf-dist/tex/latex/pgf/math/pgfmath.sty (/usr/share/texlive/texmf-dist/tex/generic/pgf/math/pgfmath.code.tex)) (/usr/share/texlive/texmf-dist/tex/generic/pgf/utilities/pgffor.code.tex
Package: pgffor 2023-01-15 v3.1.10 (3.1.10)
\pgffor@iter=\dimen329
\pgffor@skip=\dimen330
\pgffor@stack=\toks49
\pgffor@toks=\toks50
)) (/usr/share/texlive/texmf-dist/tex/generic/pgf/frontendlayer/tikz/tikz.code.tex
Package: tikz 2023-01-15 v3.1.10 (3.1.10)
 (/usr/share/texlive/texmf-dist/tex/generic/pgf/libraries/pgflibraryplothandlers.code.tex
File: pgflibraryplothandlers.code.tex 2023-01-15 v3.1.10 (3.1.10)
\pgf@plot@mark@count=\count364
\pgfplotmarksize=\dimen331
)
\tikz@lastx=\dimen332
\tikz@lasty=\dimen333
\tikz@lastxsaved=\dimen334
\tikz@lastysaved=\dimen335
\tikz@lastmovetox=\dimen336
\tikz@lastmovetoy=\dimen337
\tikzleveldistance=\dimen338
\tikzsiblingdistance=\dimen339
\tikz@figbox=\box77
\tikz@figbox@bg=\box78
\tikz@tempbox=\box79
\tikz@tempbox@bg=\box80
\tikztreelevel=\count365
\tikznumberofchildren=\count366
\tikznumberofcurrentchild=\count367
\tikz@fig@count=\count368
 (/usr/share/texlive/texmf-dist/tex/generic/pgf/modules/pgfmodulematrix.code.tex
File: pgfmodulematrix.code.tex 2023-01-15 v3.1.10 (3.1.10)
\pgfmatrixcurrentrow=\count369
\pgfmatrixcurrentcolumn=\count370
\pgf@matrix@numberofcolumns=\count371
)
\tikz@expandcount=\count372
 (/usr/share/texlive/texmf-dist/tex/generic/pgf/frontendlayer/tikz/libraries/tikzlibrarytopaths.code.tex
File: tikzlibrarytopaths.code.tex 2023-01-15 v3.1.10 (3.1.10)
))) (/usr/share/texlive/texmf-dist/tex/generic/pgf/frontendlayer/tikz/libraries/tikzlibrarypositioning.code.tex
File: tikzlibrarypositioning.code.tex 2023-01-15 v3.1.10 (3.1.10)
)
\c@@todonotes@numberoftodonotes=\count373
) (/usr/share/texlive/texmf-dist/tex/latex/morewrites/morewrites.sty (/usr/share/texlive/texmf-dist/tex/latex/morewrites/primargs.sty
Package: primargs 2024/02/02 Parsing arguments of primitives
)
Package: morewrites 2024/02/02 Always room for a new write
\g__morewrites_later_int=\count374
\l__morewrites_user_int=\count375
\g__morewrites_iow=\write5
\g__morewrites_ior=\read5
\g__morewrites_group_level_int=\count376
\g__morewrites_shipout_box=\box81
\l__morewrites_collect_next_int=\count377
\g__morewrites_alloc_write_int=\count378
) (/usr/share/texlive/texmf-dist/tex/latex/pdfx/pdfx.sty
Package: pdfx 2019/02/27 v1.6.3 PDF/X and PDF/A support (CVR/HTH/RRM/PS)
\pdfx@minorversion=\count379
 (/usr/share/texlive/texmf-dist/tex/generic/iftex/ifpdf.sty
Package: ifpdf 2019/10/25 v3.4 ifpdf legacy package. Use iftex instead.
) (/usr/share/texlive/texmf-dist/tex/latex/everyshi/everyshi.sty
Package: everyshi 2020/11/18 v4.00 EveryShipout Package
){/var/lib/texmf/fonts/map/pdftex/updmap/pdftex.map} (/usr/share/texlive/texmf-dist/tex/latex/pdfx/l8u-penc.def
File: l8u-penc.def 2017/06/23 v0.8 Custom LaTeX file, for UTF8 encoded letters and symbols
LaTeX Info: Composite with undeclared \b in encoding L8U on input line 278.
 (/usr/share/texlive/texmf-dist/tex/latex/pdfx/l8ugrk-penc.def
File: l8ugrk-penc.def 2018/11/28 v0.6 Greek support for UTF8 in XMP metadata
) (/usr/share/texlive/texmf-dist/tex/latex/pdfx/l8umath-penc.def
File: l8umath-penc.def 2017/06/23 v0.6 Custom LaTeX file, for UTF8 encoded math symbols
))
\pdfxsafeforxmp@toks=\toks51
\pdfx@tmptoks=\toks52
 (/usr/share/texlive/texmf-dist/tex/latex/hyperref/hyperref.sty
Package: hyperref 2024-01-20 v7.01h Hypertext links for LaTeX
 (/usr/share/texlive/texmf-dist/tex/generic/kvdefinekeys/kvdefinekeys.sty
Package: kvdefinekeys 2019-12-19 v1.6 Define keys (HO)
) (/usr/share/texlive/texmf-dist/tex/generic/pdfescape/pdfescape.sty
Package: pdfescape 2019/12/09 v1.15 Implements pdfTeX's escape features (HO)
 (/usr/share/texlive/texmf-dist/tex/generic/pdftexcmds/pdftexcmds.sty
Package: pdftexcmds 2020-06-27 v0.33 Utility functions of pdfTeX for LuaTeX (HO)
Package pdftexcmds Info: \pdf@primitive is available.
Package pdftexcmds Info: \pdf@ifprimitive is available.
Package pdftexcmds Info: \pdfdraftmode found.
)) (/usr/share/texlive/texmf-dist/tex/latex/hycolor/hycolor.sty
Package: hycolor 2020-01-27 v1.10 Color options for hyperref/bookmark (HO)
) (/usr/share/texlive/texmf-dist/tex/latex/auxhook/auxhook.sty
Package: auxhook 2019-12-17 v1.6 Hooks for auxiliary files (HO)
)
\@linkdim=\dimen340
\Hy@linkcounter=\count380
\Hy@pagecounter=\count381
 (/usr/share/texlive/texmf-dist/tex/latex/hyperref/pd1enc.def
File: pd1enc.def 2024-01-20 v7.01h Hyperref: PDFDocEncoding definition (HO)
) (/usr/share/texlive/texmf-dist/tex/generic/intcalc/intcalc.sty
Package: intcalc 2019/12/15 v1.3 Expandable calculations with integers (HO)
)
\Hy@SavedSpaceFactor=\count382
 (/usr/share/texlive/texmf-dist/tex/latex/hyperref/puenc.def
File: puenc.def 2024-01-20 v7.01h Hyperref: PDF Unicode definition (HO)
 (/usr/share/texlive/texmf-dist/tex/latex/greek-fontenc/puenc-greek.def
File: puenc-greek.def 2023-09-12 2.5 Greek LICRs for PDF strings
 (/usr/share/texlive/texmf-dist/tex/latex/greek-fontenc/greek-fontenc.def
File: greek-fontenc.def 2023-09-12 2.5 Common Greek font encoding definitions
)))
Package hyperref Info: Option `draft' set `true' on input line 4062.
Package hyperref Info: Option `pdfa' set `true' on input line 4062.
Package hyperref Info: Hyper figures OFF on input line 4179.
Package hyperref Info: Link nesting OFF on input line 4184.
Package hyperref Info: Hyper index ON on input line 4187.
Package hyperref Info: Plain pages OFF on input line 4194.
Package hyperref Info: Backreferencing OFF on input line 4199.
Package hyperref Info: Implicit mode ON; LaTeX internals redefined.
Package hyperref Info: Bookmarks ON on input line 4446.
\c@Hy@tempcnt=\count383
 (/usr/share/texlive/texmf-dist/tex/latex/url/url.sty
\Urlmuskip=\muskip17
Package: url 2013/09/16  ver 3.4  Verb mode for urls, etc.
)
LaTeX Info: Redefining \url on input line 4784.
\XeTeXLinkMargin=\dimen341
 (/usr/share/texlive/texmf-dist/tex/generic/bitset/bitset.sty
Package: bitset 2019/12/09 v1.3 Handle bit-vector datatype (HO)
 (/usr/share/texlive/texmf-dist/tex/generic/bigintcalc/bigintcalc.sty
Package: bigintcalc 2019/12/15 v1.5 Expandable calculations on big integers (HO)
))
\Fld@menulength=\count384
\Field@Width=\dimen342
\Fld@charsize=\dimen343
Package hyperref Info: Hyper figures OFF on input line 6063.
Package hyperref Info: Link nesting OFF on input line 6068.
Package hyperref Info: Hyper index ON on input line 6071.
Package hyperref Info: backreferencing OFF on input line 6078.
Package hyperref Info: Link coloring OFF on input line 6083.
Package hyperref Info: Link coloring with OCG OFF on input line 6088.
Package hyperref Info: PDF/A mode ON on input line 6091.
 (/usr/share/texlive/texmf-dist/tex/latex/base/atbegshi-ltx.sty
Package: atbegshi-ltx 2021/01/10 v1.0c Emulation of the original atbegshi
package with kernel methods
)
\Hy@abspage=\count385
\c@Item=\count386
\c@Hfootnote=\count387
)
Package hyperref Info: Driver: hpdftex.
 (/usr/share/texlive/texmf-dist/tex/latex/hyperref/hpdftex.def
File: hpdftex.def 2024-01-20 v7.01h Hyperref driver for pdfTeX
 (/usr/share/texlive/texmf-dist/tex/latex/base/atveryend-ltx.sty
Package: atveryend-ltx 2020/08/19 v1.0a Emulation of the original atveryend package
with kernel methods
)
\Fld@listcount=\count388
\c@bookmark@seq@number=\count389
 (/usr/share/texlive/texmf-dist/tex/latex/rerunfilecheck/rerunfilecheck.sty
Package: rerunfilecheck 2022-07-10 v1.10 Rerun checks for auxiliary files (HO)
 (/usr/share/texlive/texmf-dist/tex/generic/uniquecounter/uniquecounter.sty
Package: uniquecounter 2019/12/15 v1.4 Provide unlimited unique counter (HO)
)
Package uniquecounter Info: New unique counter `rerunfilecheck' on input line 285.
)
\Hy@SectionHShift=\skip291
) (/usr/share/texlive/texmf-dist/tex/latex/memoir/memhfixc.sty
Package: memhfixc 2023/09/10 v1.22 hyperref package fixes for memoir class
\c@memhycontfloat=\count390
\c@Hpagenote=\count391
)
Package hyperref Info: Option `unicode' set `true' on input line 1463.
 (/usr/share/texlive/texmf-dist/tex/generic/stringenc/stringenc.sty
Package: stringenc 2019/11/29 v1.12 Convert strings between diff. encodings (HO)
)
Package hyperref Info: Option `psdextra' set `true' on input line 1465.
 (/usr/share/texlive/texmf-dist/tex/latex/hyperref/psdextra.def
File: psdextra.def 2024-01-20 v7.01h Hyperref: Additions to PDF string support
) (/usr/share/texlive/texmf-dist/tex/generic/colorprofiles/colorprofiles.sty
Package: colorprofiles 2018/11/01 v1.0.1 color profiles for PDF/X and PDF/A support
 (/usr/share/texlive/texmf-dist/tex/generic/colorprofiles/colorprofiles.tex)) (/usr/share/texlive/texmf-dist/tex/generic/stringenc/se-pdfdoc.def
File: se-pdfdoc.def 2019/11/29 v1.12 stringenc: PDFDocEncoding
) (/usr/share/texlive/texmf-dist/tex/latex/pdfx/AdobeColorProfiles.tex) (/usr/share/texlive/texmf-dist/tex/latex/pdfx/8bit.def
File: 8bit.def 2008/03/30 v1.1d Input encoding file
)
** pdfx: Metadata file main.xmpdata read successfully.
(build/main.xmpdata)<<sRGB.icc>> (/usr/share/texlive/texmf-dist/tex/latex/pdfx/8bit.def
File: 8bit.def 2008/03/30 v1.1d Input encoding file
) (/usr/share/texlive/texmf-dist/tex/latex/pdfx/8bit.def
File: 8bit.def 2008/03/30 v1.1d Input encoding file
) (/usr/share/texlive/texmf-dist/tex/generic/stringenc/se-utf8.def
File: se-utf8.def 2019/11/29 v1.12 stringenc: UTF-8
) (/usr/share/texlive/texmf-dist/tex/latex/pdfx/8bit.def
File: 8bit.def 2008/03/30 v1.1d Input encoding file
)
Package hyperref Info: Option `unicode' set `true' on input line 2411.
Package hyperref Info: Option `unicode' set `true' on input line 2412.
 (/usr/share/texlive/texmf-dist/tex/latex/pdfx/8bit.def
File: 8bit.def 2008/03/30 v1.1d Input encoding file
) (/usr/share/texlive/texmf-dist/tex/generic/pdftex/glyphtounicode.tex) (/usr/share/texlive/texmf-dist/tex/latex/pdfx/glyphtounicode-cmr.tex) (/usr/share/texlive/texmf-dist/tex/latex/pdfx/glyphtounicode-ntx.tex) (/usr/share/texlive/texmf-dist/tex/latex/xmpincl/xmpincl.sty
Package: xmpincl 2021/09/22 v2.4 Include XMP data in pdflatex
) (/usr/share/texlive/texmf-dist/tex/latex/pdfx/8bit.def
File: 8bit.def 2008/03/30 v1.1d Input encoding file
)
Using XMP template file: pdfa.xmp
\xmpinclWrite=\write129
\xmpinclRead=\read6
\openout5 = `pdfa.xmpi'.

\openout5 = `main.mw'.

\openout5 = `main.mw'.

\openout5 = `main.mw'.

\openout5 = `main.mw'.

\openout5 = `main.mw'.

\openout5 = `main.mw'.

\openout5 = `main.mw'.

\openout5 = `main.mw'.

\openout5 = `main.mw'.

\openout5 = `main.mw'.

\openout5 = `main.mw'.

\openout5 = `main.mw'.

\openout5 = `main.mw'.

\openout5 = `main.mw'.

\openout5 = `main.mw'.

\openout5 = `main.mw'.

\openout5 = `main.mw'.

\openout5 = `main.mw'.

\openout5 = `main.mw'.

\openout5 = `main.mw'.

\openout5 = `main.mw'.

\openout5 = `main.mw'.

\openout5 = `main.mw'.

\openout5 = `main.mw'.

\openout5 = `main.mw'.

\openout5 = `main.mw'.

\openout5 = `main.mw'.

\openout5 = `main.mw'.

\openout5 = `main.mw'.

\openout5 = `main.mw'.

\openout5 = `main.mw'.

\openout5 = `main.mw'.

\openout5 = `main.mw'.

\openout5 = `main.mw'.

\openout5 = `main.mw'.

\openout5 = `main.mw'.

\openout5 = `main.mw'.

\openout5 = `main.mw'.

\openout5 = `main.mw'.

\openout5 = `main.mw'.

\openout5 = `main.mw'.

\openout5 = `main.mw'.

\openout5 = `main.mw'.

\openout5 = `main.mw'.

\openout5 = `main.mw'.

\openout5 = `main.mw'.

\openout5 = `main.mw'.

\openout5 = `main.mw'.

\openout5 = `main.mw'.

\openout5 = `main.mw'.

\openout5 = `main.mw'.

\openout5 = `main.mw'.

\openout5 = `main.mw'.

\openout5 = `main.mw'.

\openout5 = `main.mw'.

\openout5 = `main.mw'.

\openout5 = `main.mw'.

\openout5 = `main.mw'.

\openout5 = `main.mw'.

\openout5 = `main.mw'.

\openout5 = `main.mw'.

\openout5 = `main.mw'.

\openout5 = `main.mw'.

\openout5 = `main.mw'.

\openout5 = `main.mw'.

\openout5 = `main.mw'.

\openout5 = `main.mw'.

\openout5 = `main.mw'.

\openout5 = `main.mw'.

\openout5 = `main.mw'.

\openout5 = `main.mw'.

\openout5 = `main.mw'.

\openout5 = `main.mw'.

\openout5 = `main.mw'.

\openout5 = `main.mw'.

\openout5 = `main.mw'.

\openout5 = `main.mw'.

\openout5 = `main.mw'.

\openout5 = `main.mw'.

\openout5 = `main.mw'.

\openout5 = `main.mw'.

\openout5 = `main.mw'.

\openout5 = `main.mw'.

\openout5 = `main.mw'.

\openout5 = `main.mw'.

\openout5 = `main.mw'.

\openout5 = `main.mw'.

\openout5 = `main.mw'.

\openout5 = `main.mw'.

\openout5 = `main.mw'.

\openout5 = `main.mw'.

\openout5 = `main.mw'.

\openout5 = `main.mw'.

\openout5 = `main.mw'.

\openout5 = `main.mw'.

\openout5 = `main.mw'.

\openout5 = `main.mw'.

\openout5 = `main.mw'.

\openout5 = `main.mw'.

\openout5 = `main.mw'.

\openout5 = `main.mw'.

\openout5 = `main.mw'.

\openout5 = `main.mw'.

\openout5 = `main.mw'.

\openout5 = `main.mw'.

\openout5 = `main.mw'.

\openout5 = `main.mw'.

\openout5 = `main.mw'.

\openout5 = `main.mw'.

\openout5 = `main.mw'.

\openout5 = `main.mw'.

\openout5 = `main.mw'.

\openout5 = `main.mw'.

\openout5 = `main.mw'.

\openout5 = `main.mw'.

\openout5 = `main.mw'.

\openout5 = `main.mw'.

\openout5 = `main.mw'.

\openout5 = `main.mw'.

\openout5 = `main.mw'.

\openout5 = `main.mw'.

\openout5 = `main.mw'.

\openout5 = `main.mw'.

\openout5 = `main.mw'.

\openout5 = `main.mw'.

\openout5 = `main.mw'.

\openout5 = `main.mw'.

\openout5 = `main.mw'.

\openout5 = `main.mw'.

\openout5 = `main.mw'.

\openout5 = `main.mw'.

\openout5 = `main.mw'.

\openout5 = `main.mw'.

\openout5 = `main.mw'.

\openout5 = `main.mw'.

\openout5 = `main.mw'.

\openout5 = `main.mw'.

\openout5 = `main.mw'.

\openout5 = `main.mw'.

\openout5 = `main.mw'.

\openout5 = `main.mw'.

\openout5 = `main.mw'.

\openout5 = `main.mw'.

\openout5 = `main.mw'.

\openout5 = `main.mw'.

\openout5 = `main.mw'.

\openout5 = `main.mw'.

\openout5 = `main.mw'.

\openout5 = `main.mw'.

\openout5 = `main.mw'.

\openout5 = `main.mw'.

\openout5 = `main.mw'.

\openout5 = `main.mw'.

\openout5 = `main.mw'.

\openout5 = `main.mw'.

\openout5 = `main.mw'.

\openout5 = `main.mw'.

\openout5 = `main.mw'.

\openout5 = `main.mw'.

\openout5 = `main.mw'.

\openout5 = `main.mw'.

\openout5 = `main.mw'.

\openout5 = `main.mw'.

\openout5 = `main.mw'.

\openout5 = `main.mw'.

\openout5 = `main.mw'.

\openout5 = `main.mw'.

\openout5 = `main.mw'.

\openout5 = `main.mw'.

\openout5 = `main.mw'.

\openout5 = `main.mw'.

\openout5 = `main.mw'.

\openout5 = `main.mw'.

\openout5 = `main.mw'.

\openout5 = `main.mw'.

\openout5 = `main.mw'.

\openout5 = `pdfa.xmpi'.

<<pdfa.xmpi>>) (/usr/share/texlive/texmf-dist/tex/latex/glossaries/base/glossaries.sty
Package: glossaries 2023/09/29 v4.53 (NLCT)
 (/usr/share/texlive/texmf-dist/tex/latex/mfirstuc/mfirstuc.sty
Package: mfirstuc 2022/10/14 v2.08 (NLCT)
\@glsmfirst=\toks53
\@glsmrest=\toks54
) (/usr/share/texlive/texmf-dist/tex/latex/xfor/xfor.sty
Package: xfor 2009/02/05 v1.05 (NLCT)
) (/usr/share/texlive/texmf-dist/tex/latex/datatool/datatool-base.sty
Package: datatool-base 2019/09/27 v2.32 (NLCT)
 (/usr/share/texlive/texmf-dist/tex/latex/substr/substr.sty
Package: substr 2009/10/20 v1.2 Handle substrings
\c@su@anzahl=\count392
) (/usr/share/texlive/texmf-dist/tex/latex/datatool/datatool-fp.sty
Package: datatool-fp 2019/09/27 v2.32 (NLCT)
 (/usr/share/texlive/texmf-dist/tex/latex/fp/fp.sty
Package: fp 1995/04/02
 `Fixed Point Package', Version 0.8, April 2, 1995 (C) Michael Mehlich (/usr/share/texlive/texmf-dist/tex/latex/fp/defpattern.sty
Package: defpattern 1994/10/12
\actioncount=\count393
) (/usr/share/texlive/texmf-dist/tex/latex/fp/fp-basic.sty
Package: fp-basic 1996/05/13
\FP@xs=\count394
\FP@xia=\count395
\FP@xib=\count396
\FP@xfa=\count397
\FP@xfb=\count398
\FP@rega=\count399
\FP@regb=\count400
\FP@regs=\count401
\FP@times=\count402
) (/usr/share/texlive/texmf-dist/tex/latex/fp/fp-addons.sty
Package: fp-addons 1995/03/15
) (/usr/share/texlive/texmf-dist/tex/latex/fp/fp-snap.sty
Package: fp-snap 1995/04/05
) (/usr/share/texlive/texmf-dist/tex/latex/fp/fp-exp.sty
Package: fp-exp 1995/04/03
) (/usr/share/texlive/texmf-dist/tex/latex/fp/fp-trigo.sty
Package: fp-trigo 1995/04/14
) (/usr/share/texlive/texmf-dist/tex/latex/fp/fp-pas.sty
Package: fp-pas 1994/08/29
) (/usr/share/texlive/texmf-dist/tex/latex/fp/fp-random.sty
Package: fp-random 1995/02/23
\FPseed=\count403
) (/usr/share/texlive/texmf-dist/tex/latex/fp/fp-eqn.sty
Package: fp-eqn 1995/04/03
) (/usr/share/texlive/texmf-dist/tex/latex/fp/fp-upn.sty
Package: fp-upn 1996/10/21
) (/usr/share/texlive/texmf-dist/tex/latex/fp/fp-eval.sty
Package: fp-eval 1995/04/03
)))
\@dtl@toks=\toks55
\@dtl@tmpcount=\count404
\dtl@tmplength=\skip292
\dtl@sortresult=\count405
\@dtl@numgrpsepcount=\count406
\@dtl@datatype=\count407
\dtl@codeA=\count408
\dtl@codeB=\count409
\@dtl@foreach@level=\count410
) (/usr/share/texlive/texmf-dist/tex/latex/translator/translator.sty
Package: translator 2021-05-31 v1.12d Easy translation of strings in LaTeX
) (/usr/share/texlive/texmf-dist/tex/latex/glossaries-german/glossaries-german.ldf
File: glossaries-german.ldf 2014/11/23 v1.0
) (/usr/share/texlive/texmf-dist/tex/latex/glossaries-english/glossaries-english.ldf
File: glossaries-english.ldf 2014/11/23 v1.0
)
\gls@level=\count411
\@gls@tmpb=\toks56
\gls@tmplen=\skip293


Package glossaries Warning: Overriding \printglossary on input line 6158.


Package glossaries Warning: Overriding `theglossary' environment on input line 6752.

\glskeylisttok=\toks57
\glslabeltok=\toks58
\glsshorttok=\toks59
\glslongtok=\toks60
(/usr/share/texlive/texmf-dist/tex/latex/glossaries/styles/glossary-hypernav.sty
Package: glossary-hypernav 2023/09/29 v4.53 (NLCT)
) (/usr/share/texlive/texmf-dist/tex/latex/glossaries/styles/glossary-list.sty
Package: glossary-list 2023/09/29 v4.53 (NLCT)
\glslistdottedwidth=\skip294
) (/usr/share/texlive/texmf-dist/tex/latex/glossaries/styles/glossary-long.sty
Package: glossary-long 2023/09/29 v4.53 (NLCT)
 (/usr/share/texlive/texmf-dist/tex/latex/tools/longtable.sty
Package: longtable 2023-11-01 v4.19 Multi-page Table package (DPC)
\LTleft=\skip295
\LTright=\skip296
\LTpre=\skip297
\LTpost=\skip298
\LTchunksize=\count412
\LTcapwidth=\dimen344
\LT@head=\box82
\LT@firsthead=\box83
\LT@foot=\box84
\LT@lastfoot=\box85
\LT@gbox=\box86
\LT@cols=\count413
\LT@rows=\count414
\c@LT@tables=\count415
\c@LT@chunks=\count416
\LT@p@ftn=\toks61
)
\glsdescwidth=\skip299
\glspagelistwidth=\skip300
) (/usr/share/texlive/texmf-dist/tex/latex/glossaries/styles/glossary-super.sty
Package: glossary-super 2023/09/29 v4.53 (NLCT)
 (/usr/share/texlive/texmf-dist/tex/latex/supertabular/supertabular.sty
Package: supertabular 2020/02/02 v4.1g the supertabular environment
\c@tracingst=\count417
\ST@wd=\dimen345
\ST@rightskip=\skip301
\ST@leftskip=\skip302
\ST@parfillskip=\skip303
\ST@pageleft=\dimen346
\ST@headht=\dimen347
\ST@tailht=\dimen348
\ST@pagesofar=\dimen349
\ST@pboxht=\dimen350
\ST@lineht=\dimen351
\ST@prevht=\dimen352
\ST@toadd=\dimen353
\ST@dimen=\dimen354
\ST@pbox=\box87
)) (/usr/share/texlive/texmf-dist/tex/latex/glossaries/styles/glossary-tree.sty
Package: glossary-tree 2023/09/29 v4.53 (NLCT)
\glstreeindent=\skip304
)) (/usr/share/texlive/texmf-dist/tex/latex/base/fontenc.sty
Package: fontenc 2021/04/29 v2.0v Standard LaTeX package
)
\main@idxfile=\write130
\openout5 = `main.idx'.


Writing index file main.idx 
\glswrite=\write131
\glo@main@file=\write132
\openout5 = `main.glo'.

Package glossaries Info: Writing glossary file main.glo on input line 64.
\glo@acronym@file=\write133
\openout5 = `main.acn'.

Package glossaries Info: Writing glossary file main.acn on input line 64.
(build/main.aux (build/chapters/methodology.aux))
\openout1 = `main.aux'.

LaTeX Font Info:    Checking defaults for OML/cmm/m/it on input line 112.
LaTeX Font Info:    ... okay on input line 112.
LaTeX Font Info:    Checking defaults for OMS/cmsy/m/n on input line 112.
LaTeX Font Info:    ... okay on input line 112.
LaTeX Font Info:    Checking defaults for OT1/cmr/m/n on input line 112.
LaTeX Font Info:    ... okay on input line 112.
LaTeX Font Info:    Checking defaults for T1/cmr/m/n on input line 112.
LaTeX Font Info:    ... okay on input line 112.
LaTeX Font Info:    Checking defaults for TS1/cmr/m/n on input line 112.
LaTeX Font Info:    ... okay on input line 112.
LaTeX Font Info:    Checking defaults for OMX/cmex/m/n on input line 112.
LaTeX Font Info:    ... okay on input line 112.
LaTeX Font Info:    Checking defaults for U/cmr/m/n on input line 112.
LaTeX Font Info:    ... okay on input line 112.
LaTeX Font Info:    Checking defaults for PD1/pdf/m/n on input line 112.
LaTeX Font Info:    ... okay on input line 112.
LaTeX Font Info:    Checking defaults for PU/pdf/m/n on input line 112.
LaTeX Font Info:    ... okay on input line 112.

*geometry* driver: auto-detecting
*geometry* detected driver: pdftex
*geometry* verbose mode - [ preamble ] result:
* driver: pdftex
* paper: <default>
* layout: <same size as paper>
* layoutoffset:(h,v)=(0.0pt,0.0pt)
* modes: twoside 
* h-part:(L,W,R)=(71.70166pt, 418.25368pt, 107.55254pt)
* v-part:(T,H,B)=(101.40665pt, 591.5302pt, 152.11pt)
* \paperwidth=597.50787pt
* \paperheight=845.04684pt
* \textwidth=418.25368pt
* \textheight=591.5302pt
* \oddsidemargin=-0.56833pt
* \evensidemargin=35.28255pt
* \topmargin=-4.33714pt
* \headheight=13.6pt
* \headsep=19.8738pt
* \topskip=11.0pt
* \footskip=27.46295pt
* \marginparwidth=101.0pt
* \marginparsep=7.0pt
* \columnsep=10.0pt
* \skip\footins=12.0pt plus 4.0pt minus 4.0pt
* \hoffset=0.0pt
* \voffset=0.0pt
* \mag=1000
* \@twocolumnfalse
* \@twosidetrue
* \@mparswitchtrue
* \@reversemarginfalse
* (1in=72.27pt=25.4mm, 1cm=28.453pt)

(/usr/share/texlive/texmf-dist/tex/context/base/mkii/supp-pdf.mkii
[Loading MPS to PDF converter (version 2006.09.02).]
\scratchcounter=\count418
\scratchdimen=\dimen355
\scratchbox=\box88
\nofMPsegments=\count419
\nofMParguments=\count420
\everyMPshowfont=\toks62
\MPscratchCnt=\count421
\MPscratchDim=\dimen356
\MPnumerator=\count422
\makeMPintoPDFobject=\count423
\everyMPtoPDFconversion=\toks63
) (/usr/share/texlive/texmf-dist/tex/latex/epstopdf-pkg/epstopdf-base.sty
Package: epstopdf-base 2020-01-24 v2.11 Base part for package epstopdf
 (/usr/share/texlive/texmf-dist/tex/latex/grfext/grfext.sty
Package: grfext 2019/12/03 v1.3 Manage graphics extensions (HO)
)
Package epstopdf-base Info: Redefining graphics rule for `.eps' on input line 485.
Package grfext Info: Graphics extension search list:
(grfext)             [.pdf,.png,.jpg,.mps,.jpeg,.jbig2,.jb2,.PDF,.PNG,.JPG,.JPEG,.JBIG2,.JB2,.eps]
(grfext)             \AppendGraphicsExtensions on input line 504.
 (/usr/share/texlive/texmf-dist/tex/latex/latexconfig/epstopdf-sys.cfg
File: epstopdf-sys.cfg 2010/07/13 v1.3 Configuration of (r)epstopdf for TeX Live
))
LaTeX Info: Redefining \microtypecontext on input line 112.
Package microtype Info: Applying patch `item' on input line 112.
Package microtype Info: Applying patch `toc' on input line 112.
Package microtype Info: Applying patch `eqnum' on input line 112.
Package microtype Info: Applying patch `footnote' on input line 112.
Package microtype Info: Applying patch `verbatim' on input line 112.
Package microtype Info: Generating PDF output.
Package microtype Info: Character protrusion enabled (level 2).
Package microtype Info: Using default protrusion set `alltext'.
Package microtype Info: Automatic font expansion enabled (level 2),
(microtype)             stretch: 20, shrink: 20, step: 1, non-selected.
Package microtype Info: Using default expansion set `alltext-nott'.
LaTeX Info: Redefining \showhyphens on input line 112.
Package microtype Info: No adjustment of tracking.
Package microtype Info: No adjustment of interword spacing.
Package microtype Info: No adjustment of character kerning.
 (/usr/share/texlive/texmf-dist/tex/latex/microtype/mt-cmr.cfg
File: mt-cmr.cfg 2013/05/19 v2.2 microtype config. file: Computer Modern Roman (RS)
)
Package caption Info: Begin \AtBeginDocument code.
Package caption Info: hyperref package is loaded.
Package caption Info: longtable package is loaded.
 (/usr/share/texlive/texmf-dist/tex/latex/caption/ltcaption.sty
Package: ltcaption 2021/01/08 v1.4c longtable captions (AR)
)
Package caption Info: supertabular package is loaded.
Package caption Info: End \AtBeginDocument code.


Package hyperref Warning: Draft mode on.

Package hyperref Info: Link coloring OFF on input line 112.
(build/main.glsdefs)
*geometry* verbose mode - [ newgeometry ] result:
* driver: pdftex
* paper: <default>
* layout: <same size as paper>
* layoutoffset:(h,v)=(0.0pt,0.0pt)
* modes: twoside 
* h-part:(L,W,R)=(68.28644pt, 460.935pt, 68.28644pt)
* v-part:(T,H,B)=(56.9055pt, 717.00946pt, 71.13188pt)
* \paperwidth=597.50787pt
* \paperheight=845.04684pt
* \textwidth=460.935pt
* \textheight=717.00946pt
* \oddsidemargin=-3.98355pt
* \evensidemargin=-3.98355pt
* \topmargin=-12.51921pt
* \headheight=31.29802pt
* \headsep=-34.1433pt
* \topskip=11.0pt
* \footskip=27.46295pt
* \marginparwidth=101.0pt
* \marginparsep=7.0pt
* \columnsep=10.0pt
* \skip\footins=12.0pt plus 4.0pt minus 4.0pt
* \hoffset=0.0pt
* \voffset=0.0pt
* \mag=1000
* \@twocolumnfalse
* \@twosidetrue
* \@mparswitchtrue
* \@reversemarginfalse
* (1in=72.27pt=25.4mm, 1cm=28.453pt)

LaTeX Font Info:    Trying to load font information for T1+lmss on input line 118.
 (/usr/share/texmf/tex/latex/lm/t1lmss.fd
File: t1lmss.fd 2015/05/01 v1.6.1 Font defs for Latin Modern
)
Package microtype Info: Loading generic protrusion settings for font family
(microtype)             `lmss' (encoding: T1).
(microtype)             For optimal results, create family-specific settings.
(microtype)             See the microtype manual for details.
LaTeX Font Info:    Trying to load font information for T1+phv on input line 118.
 (/usr/share/texlive/texmf-dist/tex/latex/psnfss/t1phv.fd
File: t1phv.fd 2020/03/25 scalable font definitions for T1/phv.
)
LaTeX Font Info:    Font shape `T1/phv/m/n' will be
(Font)              scaled to size 10.40245pt on input line 118.
Package microtype Info: Loading generic protrusion settings for font family
(microtype)             `phv' (encoding: T1).
(microtype)             For optimal results, create family-specific settings.
(microtype)             See the microtype manual for details.
LaTeX Font Info:    Font shape `T1/phv/m/n' will be
(Font)              scaled to size 28.49991pt on input line 118.
LaTeX Font Info:    Font shape `T1/phv/bx/n' in size <30> not available
(Font)              Font shape `T1/phv/b/n' tried instead on input line 118.
LaTeX Font Info:    Font shape `T1/phv/b/n' will be
(Font)              scaled to size 28.49991pt on input line 118.
LaTeX Font Info:    Font shape `T1/phv/m/n' will be
(Font)              scaled to size 18.99994pt on input line 118.
LaTeX Font Info:    Font shape `T1/phv/bx/n' in size <20> not available
(Font)              Font shape `T1/phv/b/n' tried instead on input line 118.
LaTeX Font Info:    Font shape `T1/phv/b/n' will be
(Font)              scaled to size 18.99994pt on input line 118.
LaTeX Font Info:    Font shape `T1/phv/m/n' will be
(Font)              scaled to size 16.14995pt on input line 118.
LaTeX Font Info:    Font shape `T1/phv/m/n' will be
(Font)              scaled to size 11.39996pt on input line 118.
LaTeX Font Info:    Font shape `T1/phv/bx/n' in size <17> not available
(Font)              Font shape `T1/phv/b/n' tried instead on input line 118.
LaTeX Font Info:    Font shape `T1/phv/b/n' will be
(Font)              scaled to size 16.14995pt on input line 118.
LaTeX Font Info:    Font shape `T1/phv/m/n' will be
(Font)              scaled to size 13.29996pt on input line 118.
LaTeX Font Info:    Font shape `T1/phv/bx/n' in size <14> not available
(Font)              Font shape `T1/phv/b/n' tried instead on input line 118.
LaTeX Font Info:    Font shape `T1/phv/b/n' will be
(Font)              scaled to size 13.29996pt on input line 118.
LaTeX Font Info:    Font shape `T1/phv/m/n' will be
(Font)              scaled to size 10.44997pt on input line 118.
LaTeX Font Info:    Calculating math sizes for size <11> on input line 118.
LaTeX Font Info:    Trying to load font information for OT1+lmr on input line 118.
 (/usr/share/texmf/tex/latex/lm/ot1lmr.fd
File: ot1lmr.fd 2015/05/01 v1.6.1 Font defs for Latin Modern
)
LaTeX Font Info:    Trying to load font information for OML+lmm on input line 118.
 (/usr/share/texmf/tex/latex/lm/omllmm.fd
File: omllmm.fd 2015/05/01 v1.6.1 Font defs for Latin Modern
)
LaTeX Font Info:    Trying to load font information for OMS+lmsy on input line 118.
 (/usr/share/texmf/tex/latex/lm/omslmsy.fd
File: omslmsy.fd 2015/05/01 v1.6.1 Font defs for Latin Modern
)
LaTeX Font Info:    Trying to load font information for OMX+lmex on input line 118.
 (/usr/share/texmf/tex/latex/lm/omxlmex.fd
File: omxlmex.fd 2015/05/01 v1.6.1 Font defs for Latin Modern
)
LaTeX Font Info:    External font `lmex10' loaded for size
(Font)              <11> on input line 118.
LaTeX Font Info:    External font `lmex10' loaded for size
(Font)              <7.69997> on input line 118.
LaTeX Font Info:    External font `lmex10' loaded for size
(Font)              <5.5> on input line 118.
LaTeX Font Info:    Trying to load font information for U+msa on input line 118.
 (/usr/share/texlive/texmf-dist/tex/latex/amsfonts/umsa.fd
File: umsa.fd 2013/01/14 v3.01 AMS symbols A
) (/usr/share/texlive/texmf-dist/tex/latex/microtype/mt-msa.cfg
File: mt-msa.cfg 2006/02/04 v1.1 microtype config. file: AMS symbols (a) (RS)
)
LaTeX Font Info:    Trying to load font information for U+msb on input line 118.
 (/usr/share/texlive/texmf-dist/tex/latex/amsfonts/umsb.fd
File: umsb.fd 2013/01/14 v3.01 AMS symbols B
) (/usr/share/texlive/texmf-dist/tex/latex/microtype/mt-msb.cfg
File: mt-msb.cfg 2005/06/01 v1.0 microtype config. file: AMS symbols (b) (RS)
)
<graphics/Logo-schwarz.pdf, id=8, 380.32086pt x 57.013pt>
LaTeX Font Info:    Trying to load font information for T1+pcr on input line 118.
 (/usr/share/texlive/texmf-dist/tex/latex/psnfss/t1pcr.fd
File: t1pcr.fd 2001/06/04 font definitions for T1/pcr.
)
Package microtype Info: Loading generic protrusion settings for font family
(microtype)             `pcr' (encoding: T1).
(microtype)             For optimal results, create family-specific settings.
(microtype)             See the microtype manual for details.


Class memoir Warning: The material used in the headers is too large
(35.3779pt) for the given head height (31.29802pt), it is recommended to
either increase the head height or redesign the header
(in both cases you will find help in the memoir manual). on input line 118.


Overfull \vbox (4.07988pt too high) has occurred while \output is active []

LaTeX Font Info:    External font `lmex10' loaded for size
(Font)              <10.95> on input line 118.
LaTeX Font Info:    External font `lmex10' loaded for size
(Font)              <8> on input line 118.
LaTeX Font Info:    External font `lmex10' loaded for size
(Font)              <6> on input line 118.
\openout5 = `main.mw'.

 [1{/usr/share/texlive/texmf-dist/fonts/enc/dvips/base/8r.enc}



{/usr/share/texmf/fonts/enc/dvips/lm/lm-ec.enc}] (build/main.mw)
\openout5 = `main.mw'.

\openout5 = `main.ist'.

\openout5 = `main.mw'.

\openout5 = `main.mw'.

\openout5 = `main.mw'.

\openout5 = `main.mw'.

\openout5 = `main.mw'.

\openout5 = `main.mw'.

\openout5 = `main.mw'.

\openout5 = `main.mw'.

\openout5 = `main.mw'.

\openout5 = `main.mw'.

\openout5 = `main.mw'.

\openout5 = `main.mw'.

\openout5 = `main.mw'.

\openout5 = `main.mw'.

\openout5 = `main.mw'.

\openout5 = `main.mw'.

\openout5 = `main.mw'.

\openout5 = `main.mw'.

\openout5 = `main.mw'.

\openout5 = `main.mw'.

\openout5 = `main.mw'.

\openout5 = `main.mw'.

\openout5 = `main.mw'.

\openout5 = `main.mw'.

\openout5 = `main.mw'.

\openout5 = `main.mw'.

\openout5 = `main.mw'.

\openout5 = `main.mw'.

\openout5 = `main.mw'.

\openout5 = `main.mw'.

\openout5 = `main.mw'.

\openout5 = `main.mw'.

\openout5 = `main.mw'.

\openout5 = `main.mw'.

\openout5 = `main.mw'.

\openout5 = `main.mw'.

\openout5 = `main.mw'.

\openout5 = `main.mw'.

\openout5 = `main.mw'.

\openout5 = `main.mw'.

\openout5 = `main.mw'.

\openout5 = `main.mw'.

\openout5 = `main.mw'.

\openout5 = `main.mw'.

\openout5 = `main.mw'.

\openout5 = `main.mw'.

\openout5 = `main.mw'.

\openout5 = `main.mw'.

\openout5 = `main.mw'.

\openout5 = `main.mw'.

\openout5 = `main.mw'.

\openout5 = `main.mw'.

\openout5 = `main.mw'.

\openout5 = `main.mw'.

\openout5 = `main.mw'.

\openout5 = `main.mw'.

\openout5 = `main.mw'.

\openout5 = `main.mw'.

\openout5 = `main.ist'.

\openout5 = `main.mw'.

 [2

] (build/main.mw)
\openout5 = `main.mw'.

*geometry* verbose mode - [ newgeometry ] result:
* driver: pdftex
* paper: <default>
* layout: <same size as paper>
* layoutoffset:(h,v)=(0.0pt,0.0pt)
* modes: twoside 
* h-part:(L,W,R)=(68.28644pt, 460.935pt, 68.28644pt)
* v-part:(T,H,B)=(56.9055pt, 717.00946pt, 71.13188pt)
* \paperwidth=597.50787pt
* \paperheight=845.04684pt
* \textwidth=460.935pt
* \textheight=717.00946pt
* \oddsidemargin=-3.98355pt
* \evensidemargin=-3.98355pt
* \topmargin=-12.51921pt
* \headheight=31.29802pt
* \headsep=-34.1433pt
* \topskip=11.0pt
* \footskip=27.46295pt
* \marginparwidth=101.0pt
* \marginparsep=7.0pt
* \columnsep=10.0pt
* \skip\footins=12.0pt plus 4.0pt minus 4.0pt
* \hoffset=0.0pt
* \voffset=0.0pt
* \mag=1000
* \@twocolumnfalse
* \@twosidetrue
* \@mparswitchtrue
* \@reversemarginfalse
* (1in=72.27pt=25.4mm, 1cm=28.453pt)


Overfull \vbox (4.07988pt too high) has occurred while \output is active []

\openout5 = `main.mw'.

 [3


] (build/main.mw)
\openout5 = `main.mw'.

\openout5 = `main.mw'.

 [4

] (build/main.mw)
\openout5 = `main.mw'.

\openout5 = `main.mw'.

 [5


] (build/main.mw)
\openout5 = `main.mw'.

\openout5 = `main.mw'.

 [6

] (build/main.mw)
\openout5 = `main.mw'.

Package hyperref Info: bookmark level for unknown todo defaults to 0 on input line 123.
\openout5 = `main.mw'.

 [7

] (build/main.mw)
\openout5 = `main.mw'.

\openout5 = `main.mw'.

 [8

] (build/main.mw)
\openout5 = `main.mw'.

\openout5 = `main.mw'.

 [9

] (build/main.mw)
\openout5 = `main.mw'.

\openout5 = `main.mw'.

 [10

] (build/main.mw)
\openout5 = `main.mw'.

\openout5 = `main.mw'.

 [11

] (build/main.mw)
\openout5 = `main.mw'.

\openout5 = `main.mw'.

 [12

] (build/main.mw)
\openout5 = `main.mw'.

\openout5 = `main.mw'.

 [13

] (build/main.mw)
\openout5 = `main.mw'.

\openout5 = `main.mw'.

 [14

] (build/main.mw)
\openout5 = `main.mw'.

 (build/main.toc
\openout5 = `main.mw'.

 [15] (build/main.mw)
\openout5 = `main.mw'.

)
\openout5 = `main.mw'.

 [16] (build/main.mw)
\openout5 = `main.mw'.

\openout5 = `main.mw'.

 [1


] (build/main.mw)
\openout5 = `main.mw'.

\openout5 = `main.mw'.

 [2

] (build/main.mw)
\openout5 = `main.mw'.

\openout5 = `main.mw'.

 [3] (build/main.mw)
\openout5 = `main.mw'.

\openout2 = `chapters/methodology.aux'.

 (./chapters/methodology.tex
\openout5 = `main.mw'.

 [4


] (build/main.mw)
\openout5 = `main.mw'.

\openout5 = `main.mw'.

 [5] (build/main.mw)
\openout5 = `main.mw'.

Package microtype Info: Character `029' is missing
(microtype)             in font `T1/lmr/m/sc/10.95'.
(microtype)             Ignoring protrusion settings for this character.
\openout5 = `main.mw'.

 [6] (build/main.mw)
\openout5 = `main.mw'.

\openout5 = `main.mw'.

 [7] (build/main.mw)
\openout5 = `main.mw'.

\openout5 = `main.mw'.

 [8] (build/main.mw)
\openout5 = `main.mw'.

\openout5 = `main.mw'.

 [9] (build/main.mw)
\openout5 = `main.mw'.

\openout5 = `main.mw'.

 [10] (build/main.mw)
\openout5 = `main.mw'.

)
\openout5 = `main.mw'.

 [11] (build/main.mw)
\openout5 = `main.mw'.

 (./intro.tex
\@gls@deffile=\write134
\openout5 = `main.glsdefs'.

\openout5 = `main.mw'.

\openout5 = `main.mw'.

\openout5 = `main.mw'.

\openout5 = `main.mw'.

\openout5 = `main.mw'.

\openout5 = `main.mw'.

\openout5 = `main.mw'.

\openout5 = `main.mw'.

\openout5 = `main.mw'.

\openout5 = `main.mw'.

\openout5 = `main.mw'.

\openout5 = `main.mw'.

\openout5 = `main.mw'.

\openout5 = `main.mw'.

\openout5 = `main.mw'.

\openout5 = `main.mw'.

\openout5 = `main.mw'.

\openout5 = `main.mw'.

\openout5 = `main.mw'.

\openout5 = `main.mw'.

\openout5 = `main.mw'.

\openout5 = `main.mw'.

\openout5 = `main.mw'.

\openout5 = `main.mw'.

\openout5 = `main.mw'.

\openout5 = `main.mw'.

\openout5 = `main.mw'.

\openout5 = `main.mw'.

\openout5 = `main.mw'.

\openout5 = `main.mw'.

\openout5 = `main.mw'.

\openout5 = `main.mw'.

\openout5 = `main.mw'.

\openout5 = `main.mw'.

\openout5 = `main.mw'.

\openout5 = `main.mw'.

\openout5 = `main.mw'.

\openout5 = `main.mw'.

\openout5 = `main.mw'.

\openout5 = `main.mw'.

\openout5 = `main.mw'.

\openout5 = `main.mw'.

\openout5 = `main.mw'.

\openout5 = `main.mw'.

\openout5 = `main.mw'.

\openout5 = `main.mw'.

\openout5 = `main.mw'.

\openout5 = `main.mw'.

\openout5 = `main.mw'.

\openout5 = `main.mw'.

\openout5 = `main.mw'.

\openout5 = `main.mw'.

\openout5 = `main.mw'.

\openout5 = `main.mw'.

\openout5 = `main.mw'.

\openout5 = `main.mw'.

\openout5 = `main.mw'.

\openout5 = `main.mw'.

\openout5 = `main.mw'.

\openout5 = `main.mw'.

\openout5 = `main.mw'.

\openout5 = `main.mw'.

\openout5 = `main.mw'.

\openout5 = `main.mw'.

\openout5 = `main.mw'.

\openout5 = `main.mw'.

\openout5 = `main.mw'.

\openout5 = `main.mw'.

\openout5 = `main.mw'.

\openout5 = `main.mw'.

\openout5 = `main.mw'.

\openout5 = `main.mw'.

\openout5 = `main.mw'.

\openout5 = `main.mw'.

\openout5 = `main.mw'.

\openout5 = `main.mw'.

\openout5 = `main.mw'.

\openout5 = `main.mw'.

\openout5 = `main.mw'.

\openout5 = `main.mw'.

\openout5 = `main.mw'.

\openout5 = `main.mw'.

\openout5 = `main.mw'.

\openout5 = `main.mw'.

\openout5 = `main.mw'.

\openout5 = `main.mw'.

\openout5 = `main.mw'.

\openout5 = `main.mw'.

\openout5 = `main.mw'.

\openout5 = `main.mw'.

\openout5 = `main.mw'.

\openout5 = `main.mw'.

\openout5 = `main.mw'.

\openout5 = `main.mw'.

\openout5 = `main.mw'.

\openout5 = `main.mw'.

\openout5 = `main.mw'.

\openout5 = `main.mw'.

\openout5 = `main.mw'.

\openout5 = `main.mw'.

\openout5 = `main.mw'.

\openout5 = `main.mw'.

\openout5 = `main.mw'.

\openout5 = `main.mw'.

\openout5 = `main.mw'.

\openout5 = `main.mw'.

\openout5 = `main.mw'.

\openout5 = `main.mw'.

\openout5 = `main.mw'.

\openout5 = `main.mw'.

\openout5 = `main.mw'.

\openout5 = `main.mw'.

\openout5 = `main.mw'.

\openout5 = `main.mw'.

\openout5 = `main.mw'.

\openout5 = `main.mw'.

\openout5 = `main.mw'.

\openout5 = `main.mw'.

\openout5 = `main.mw'.

\openout5 = `main.mw'.

\openout5 = `main.mw'.

\openout5 = `main.mw'.

\openout5 = `main.mw'.

\openout5 = `main.mw'.

\openout5 = `main.mw'.

\openout5 = `main.mw'.

\openout5 = `main.mw'.

\openout5 = `main.mw'.

\openout5 = `main.mw'.

\openout5 = `main.mw'.

\openout5 = `main.mw'.

\openout5 = `main.mw'.

\openout5 = `main.mw'.

\openout5 = `main.mw'.

\openout5 = `main.mw'.

\openout5 = `main.mw'.

\openout5 = `main.mw'.

\openout5 = `main.mw'.

\openout5 = `main.mw'.

\openout5 = `main.mw'.

\openout5 = `main.mw'.

\openout5 = `main.mw'.

\openout5 = `main.mw'.

\openout5 = `main.mw'.

\openout5 = `main.mw'.

\openout5 = `main.mw'.

\openout5 = `main.mw'.

\openout5 = `main.mw'.

\openout5 = `main.mw'.

\openout5 = `main.mw'.

\openout5 = `main.mw'.

\openout5 = `main.mw'.

\openout5 = `main.mw'.

\openout5 = `main.mw'.

\openout5 = `main.mw'.

\openout5 = `main.mw'.

\openout5 = `main.mw'.

\openout5 = `main.mw'.

\openout5 = `main.mw'.

\openout5 = `main.mw'.

\openout5 = `main.mw'.

\openout5 = `main.mw'.

\openout5 = `main.mw'.

\openout5 = `main.mw'.

\openout5 = `main.mw'.

\openout5 = `main.mw'.

\openout5 = `main.mw'.

\openout5 = `main.mw'.

\openout5 = `main.mw'.

\openout5 = `main.mw'.

\openout5 = `main.mw'.

\openout5 = `main.mw'.

\openout5 = `main.mw'.

\openout5 = `main.mw'.

\openout5 = `main.mw'.

\openout5 = `main.mw'.

\openout5 = `main.mw'.

\openout5 = `main.mw'.

\openout5 = `main.mw'.

\openout5 = `main.mw'.

\openout5 = `main.mw'.

\openout5 = `main.mw'.

\openout5 = `main.mw'.

\openout5 = `main.mw'.

\openout5 = `main.mw'.

\openout5 = `main.mw'.

\openout5 = `main.mw'.

\openout5 = `main.mw'.

\openout5 = `main.mw'.

\openout5 = `main.mw'.

\openout5 = `main.mw'.

\openout5 = `main.mw'.

\openout5 = `main.mw'.

\openout5 = `main.mw'.

\openout5 = `main.mw'.

\openout5 = `main.mw'.

\openout5 = `main.mw'.

\openout5 = `main.mw'.

\openout5 = `main.mw'.

\openout5 = `main.mw'.

\openout5 = `main.mw'.

\openout5 = `main.mw'.

\openout5 = `main.mw'.

\openout5 = `main.mw'.

\openout5 = `main.mw'.

\openout5 = `main.mw'.

\openout5 = `main.mw'.

\openout5 = `main.mw'.

\openout5 = `main.mw'.

\openout5 = `main.mw'.

\openout5 = `main.mw'.

\openout5 = `main.mw'.

\openout5 = `main.mw'.

\openout5 = `main.mw'.

\openout5 = `main.mw'.

\openout5 = `main.mw'.

\openout5 = `main.mw'.

\openout5 = `main.mw'.

\openout5 = `main.mw'.

\openout5 = `main.mw'.

\openout5 = `main.mw'.

\openout5 = `main.mw'.

\openout5 = `main.mw'.

\openout5 = `main.mw'.

\openout5 = `main.mw'.

\openout5 = `main.mw'.

\openout5 = `main.mw'.

\openout5 = `main.mw'.

\openout5 = `main.mw'.

\openout5 = `main.mw'.

\openout5 = `main.mw'.

\openout5 = `main.mw'.

\openout5 = `main.mw'.

\openout5 = `main.mw'.

\openout5 = `main.mw'.

\openout5 = `main.mw'.

\openout5 = `main.mw'.

\openout5 = `main.mw'.

\openout5 = `main.mw'.

\openout5 = `main.mw'.

\openout5 = `main.mw'.

\openout5 = `main.mw'.

\openout5 = `main.mw'.

\openout5 = `main.mw'.

\openout5 = `main.mw'.

\openout5 = `main.mw'.

\openout5 = `main.mw'.

\openout5 = `main.mw'.

\openout5 = `main.mw'.

\openout5 = `main.mw'.

\openout5 = `main.mw'.

\openout5 = `main.mw'.

\openout5 = `main.mw'.

\openout5 = `main.mw'.

\openout5 = `main.mw'.

\openout5 = `main.mw'.

\openout5 = `main.mw'.

\openout5 = `main.mw'.

\openout5 = `main.mw'.

\openout5 = `main.mw'.

\openout5 = `main.mw'.

\openout5 = `main.mw'.

\openout5 = `main.mw'.

\openout5 = `main.mw'.

\openout5 = `main.mw'.

\openout5 = `main.mw'.

\openout5 = `main.mw'.

\openout5 = `main.mw'.

\openout5 = `main.mw'.

\openout5 = `main.mw'.

\openout5 = `main.mw'.

\openout5 = `main.mw'.

\openout5 = `main.mw'.

\openout5 = `main.mw'.

\openout5 = `main.mw'.

\openout5 = `main.mw'.

\openout5 = `main.mw'.

\openout5 = `main.mw'.

\openout5 = `main.mw'.

\openout5 = `main.mw'.

\openout5 = `main.mw'.

\openout5 = `main.mw'.

\openout5 = `main.mw'.

\openout5 = `main.mw'.

\openout5 = `main.mw'.

\openout5 = `main.mw'.

\openout5 = `main.mw'.

\openout5 = `main.mw'.

\openout5 = `main.mw'.

\openout5 = `main.mw'.

\openout5 = `main.mw'.

\openout5 = `main.mw'.

\openout5 = `main.mw'.

\openout5 = `main.mw'.

\openout5 = `main.mw'.

\openout5 = `main.mw'.

\openout5 = `main.mw'.

\openout5 = `main.mw'.

\openout5 = `main.mw'.

\openout5 = `main.mw'.

\openout5 = `main.mw'.

 [12



] (build/main.mw)
\openout5 = `main.mw'.

LaTeX Font Info:    External font `lmex10' loaded for size
(Font)              <24.88> on input line 33.
LaTeX Font Info:    External font `lmex10' loaded for size
(Font)              <20.74> on input line 33.
LaTeX Font Info:    External font `lmex10' loaded for size
(Font)              <17.28> on input line 33.
\openout5 = `main.mw'.

 [13] (build/main.mw)
\openout5 = `main.mw'.

\openout5 = `main.mw'.

\openout5 = `main.mw'.

\openout5 = `main.mw'.

\openout5 = `main.mw'.

Package microtype Info: Character `029' is missing
(microtype)             in font `T1/lmr/m/sc/8'.
(microtype)             Ignoring protrusion settings for this character.
\openout5 = `main.mw'.

 [14] (build/main.mw)
\openout5 = `main.mw'.

\openout5 = `main.mw'.

\openout5 = `main.mw'.

\openout5 = `main.mw'.

 [15] (build/main.mw)
\openout5 = `main.mw'.

<graphics/TUWI-Logo-Code.png, id=120, 476.78125pt x 476.78125pt>
\openout5 = `main.mw'.

 [16{/usr/share/texmf/fonts/enc/dvips/lm/lm-mathex.enc}{/usr/share/texmf/fonts/enc/dvips/lm/lm-mathsy.enc}{/usr/share/texmf/fonts/enc/dvips/lm/lm-mathit.enc}{/usr/share/texmf/fonts/enc/dvips/lm/lm-rm.enc}] (build/main.mw)
\openout5 = `main.mw'.

\openout5 = `main.mw'.

 [17] (build/main.mw)
\openout5 = `main.mw'.

LaTeX Font Info:    Trying to load font information for TS1+lmr on input line 247.
 (/usr/share/texmf/tex/latex/lm/ts1lmr.fd
File: ts1lmr.fd 2015/05/01 v1.6.1 Font defs for Latin Modern
)
\openout5 = `main.mw'.

 [18{/usr/share/texmf/fonts/enc/dvips/lm/lm-ts1.enc}] (build/main.mw)
\openout5 = `main.mw'.

\openout5 = `main.mw'.

\openout5 = `main.mw'.

\openout5 = `main.mw'.

\openout5 = `main.mw'.

\openout5 = `main.mw'.

\openout5 = `main.mw'.

\openout5 = `main.mw'.

\openout5 = `main.mw'.

\openout5 = `main.mw'.

\openout5 = `main.mw'.

\openout5 = `main.mw'.

\openout5 = `main.mw'.

\openout5 = `main.mw'.

\openout5 = `main.mw'.

\openout5 = `main.mw'.

 [19] (build/main.mw)
\openout5 = `main.mw'.

\openout5 = `main.mw'.

\openout5 = `main.mw'.

\openout5 = `main.mw'.

\openout5 = `main.mw'.

\openout5 = `main.mw'.

\openout5 = `main.mw'.

\openout5 = `main.mw'.

\openout5 = `main.mw'.

\openout5 = `main.mw'.

\openout5 = `main.mw'.

\openout5 = `main.mw'.

\openout5 = `main.mw'.

)
\openout5 = `main.mw'.

 [20] (build/main.mw)
\openout5 = `main.mw'.

\openout5 = `main.mw'.

 [21


] (build/main.mw)
\openout5 = `main.mw'.

\openout5 = `main.mw'.

 [22

] (build/main.mw)
\openout5 = `main.mw'.

\openout5 = `main.mw'.

 [23

] (build/main.mw)
\openout5 = `main.mw'.

\openout5 = `main.mw'.

 [24

] (build/main.mw)
\openout5 = `main.mw'.

 (build/main.lof)
\openout5 = `main.mw'.

 [25] (build/main.mw)
\openout5 = `main.mw'.

\openout5 = `main.mw'.

 [26

] (build/main.mw)
\openout5 = `main.mw'.

 (build/main.lot)
\openout5 = `main.mw'.

 [27] (build/main.mw)
\openout5 = `main.mw'.

\openout5 = `main.mw'.

\openout5 = `main.mw'.

\openout5 = `main.mw'.

 [28

] (build/main.mw)
\openout5 = `main.mw'.

 (build/main.loa) (build/main.ind
\openout5 = `main.mw'.

 [29] (build/main.mw)
\openout5 = `main.mw'.

\openout5 = `main.mw'.

 [30

] (build/main.mw)
\openout5 = `main.mw'.

\openout5 = `main.mw'.

 [31


] (build/main.mw)
\openout5 = `main.mw'.

)
No file main.gls.
No file main.acr.
(build/main.bbl
\openout5 = `main.mw'.

 [32

] (build/main.mw)
\openout5 = `main.mw'.


bibitemlist
)

Class memoir Warning: The material used in the headers is too large
(35.3779pt) for the given head height (13.6pt), it is recommended to
either increase the head height or redesign the header
(in both cases you will find help in the memoir manual). on input line 191.

\openout5 = `main.mw'.

[33

] (build/main.mw)
\openout5 = `main.mw'.

\openout5 = `main.glsdefs'.


No complaints by nag.
\tf@toc=\write135
\openout5 = `main.toc'.

\tf@lof=\write136
\openout5 = `main.lof'.

\tf@lot=\write137
\openout5 = `main.lot'.

\tf@loa=\write138
\openout5 = `main.loa'.

(build/main.aux
\openout5 = `main.mw'.

\openout5 = `main.mw'.

\openout5 = `main.mw'.

\openout5 = `main.mw'.

\openout5 = `main.mw'.

\openout5 = `main.mw'.

\openout5 = `main.mw'.

\openout5 = `main.mw'.

\openout5 = `main.mw'.

\openout5 = `main.mw'.

\openout5 = `main.mw'.

\openout5 = `main.mw'.

\openout5 = `main.mw'.

\openout5 = `main.mw'.

\openout5 = `main.mw'.

\openout5 = `main.mw'.

\openout5 = `main.mw'.

\openout5 = `main.mw'.

\openout5 = `main.mw'.

\openout5 = `main.mw'.

\openout5 = `main.mw'.

\openout5 = `main.mw'.

\openout5 = `main.mw'.

\openout5 = `main.mw'.

\openout5 = `main.mw'.

\openout5 = `main.mw'.

\openout5 = `main.mw'.

\openout5 = `main.mw'.

\openout5 = `main.mw'.

\openout5 = `main.mw'.

\openout5 = `main.mw'.

\openout5 = `main.mw'.

\openout5 = `main.mw'.

\openout5 = `main.mw'.

\openout5 = `main.mw'.

\openout5 = `main.mw'.

\openout5 = `main.mw'.

\openout5 = `main.mw'.

\openout5 = `main.mw'.

\openout5 = `main.mw'.

\openout5 = `main.mw'.

\openout5 = `main.mw'.

\openout5 = `main.mw'.

\openout5 = `main.mw'.

\openout5 = `main.mw'.

\openout5 = `main.mw'.

\openout5 = `main.mw'.

\openout5 = `main.mw'.

\openout5 = `main.mw'.

\openout5 = `main.mw'.

\openout5 = `main.mw'.

\openout5 = `main.mw'.

\openout5 = `main.mw'.

\openout5 = `main.mw'.

\openout5 = `main.mw'.

\openout5 = `main.mw'.

\openout5 = `main.mw'.

\openout5 = `main.mw'.

\openout5 = `main.mw'.

\openout5 = `main.mw'.

\openout5 = `main.mw'.

\openout5 = `main.mw'.

\openout5 = `main.mw'.

\openout5 = `main.mw'.

\openout5 = `main.mw'.

\openout5 = `main.mw'.

\openout5 = `main.mw'.

\openout5 = `main.mw'.

\openout5 = `main.mw'.

\openout5 = `main.mw'.

\openout5 = `main.mw'.

\openout5 = `main.mw'.

\openout5 = `main.mw'.

\openout5 = `main.mw'.

\openout5 = `main.mw'.

\openout5 = `main.mw'.

\openout5 = `main.mw'.

\openout5 = `main.mw'.

\openout5 = `main.mw'.

\openout5 = `main.mw'.

\openout5 = `main.mw'.

\openout5 = `main.mw'.

\openout5 = `main.mw'.

\openout5 = `main.mw'.

\openout5 = `main.mw'.

\openout5 = `main.mw'.

\openout5 = `main.mw'.

\openout5 = `main.mw'.

\openout5 = `main.mw'.

\openout5 = `main.mw'.

\openout5 = `main.mw'.

\openout5 = `main.mw'.

\openout5 = `main.mw'.

\openout5 = `main.mw'.

\openout5 = `main.mw'.

\openout5 = `main.mw'.

\openout5 = `main.mw'.

\openout5 = `main.mw'.

\openout5 = `main.mw'.

\openout5 = `main.mw'.

\openout5 = `main.mw'.

\openout5 = `main.mw'.

\openout5 = `main.mw'.

\openout5 = `main.mw'.

\openout5 = `main.mw'.

\openout5 = `main.mw'.

\openout5 = `main.mw'.

\openout5 = `main.mw'.

\openout5 = `main.mw'.

\openout5 = `main.mw'.

\openout5 = `main.mw'.

\openout5 = `main.mw'.

 (build/chapters/methodology.aux
\openout5 = `main.mw'.

\openout5 = `main.mw'.

\openout5 = `main.mw'.

\openout5 = `main.mw'.

\openout5 = `main.mw'.

\openout5 = `main.mw'.

\openout5 = `main.mw'.

\openout5 = `main.mw'.

\openout5 = `main.mw'.

\openout5 = `main.mw'.

\openout5 = `main.mw'.

\openout5 = `main.mw'.

\openout5 = `main.mw'.

\openout5 = `main.mw'.

\openout5 = `main.mw'.

\openout5 = `main.mw'.

\openout5 = `main.mw'.

\openout5 = `main.mw'.

\openout5 = `main.mw'.

\openout5 = `main.mw'.

\openout5 = `main.mw'.

\openout5 = `main.mw'.

\openout5 = `main.mw'.

\openout5 = `main.mw'.

)
\openout5 = `main.mw'.

\openout5 = `main.mw'.

\openout5 = `main.mw'.

\openout5 = `main.mw'.

\openout5 = `main.mw'.

\openout5 = `main.mw'.

\openout5 = `main.mw'.

\openout5 = `main.mw'.

\openout5 = `main.mw'.

\openout5 = `main.mw'.

\openout5 = `main.mw'.

\openout5 = `main.mw'.

\openout5 = `main.mw'.

\openout5 = `main.mw'.

\openout5 = `main.mw'.

\openout5 = `main.mw'.

\openout5 = `main.mw'.

\openout5 = `main.mw'.

\openout5 = `main.mw'.

\openout5 = `main.mw'.

\openout5 = `main.mw'.

\openout5 = `main.mw'.

\openout5 = `main.mw'.

\openout5 = `main.mw'.

\openout5 = `main.mw'.

\openout5 = `main.mw'.

\openout5 = `main.mw'.

\openout5 = `main.mw'.

\openout5 = `main.mw'.

\openout5 = `main.mw'.

\openout5 = `main.mw'.

\openout5 = `main.mw'.

\openout5 = `main.mw'.

\openout5 = `main.mw'.

\openout5 = `main.mw'.

\openout5 = `main.mw'.

\openout5 = `main.mw'.

\openout5 = `main.mw'.

\openout5 = `main.mw'.

\openout5 = `main.mw'.

\openout5 = `main.mw'.

\openout5 = `main.mw'.

\openout5 = `main.mw'.

\openout5 = `main.mw'.

\openout5 = `main.mw'.

\openout5 = `main.mw'.

\openout5 = `main.mw'.

\openout5 = `main.mw'.

\openout5 = `main.mw'.

\openout5 = `main.mw'.

\openout5 = `main.mw'.

\openout5 = `main.mw'.

\openout5 = `main.mw'.

\openout5 = `main.mw'.

\openout5 = `main.mw'.

\openout5 = `main.mw'.

\openout5 = `main.mw'.

\openout5 = `main.mw'.

\openout5 = `main.mw'.

\openout5 = `main.mw'.

\openout5 = `main.mw'.

\openout5 = `main.mw'.

\openout5 = `main.mw'.

\openout5 = `main.mw'.

\openout5 = `main.mw'.

\openout5 = `main.mw'.

\openout5 = `main.mw'.

\openout5 = `main.mw'.

\openout5 = `main.mw'.

\openout5 = `main.mw'.

\openout5 = `main.mw'.

\openout5 = `main.mw'.

\openout5 = `main.mw'.

\openout5 = `main.mw'.

\openout5 = `main.mw'.

\openout5 = `main.mw'.

\openout5 = `main.mw'.

\openout5 = `main.mw'.

\openout5 = `main.mw'.

\openout5 = `main.mw'.

\openout5 = `main.mw'.

\openout5 = `main.mw'.

\openout5 = `main.mw'.

\openout5 = `main.mw'.

\openout5 = `main.mw'.

\openout5 = `main.mw'.

\openout5 = `main.mw'.

\openout5 = `main.mw'.

\openout5 = `main.mw'.

\openout5 = `main.mw'.

\openout5 = `main.mw'.

\openout5 = `main.mw'.

\openout5 = `main.mw'.

\openout5 = `main.mw'.

\openout5 = `main.mw'.

\openout5 = `main.mw'.

\openout5 = `main.mw'.

\openout5 = `main.mw'.

\openout5 = `main.mw'.

\openout5 = `main.mw'.

\openout5 = `main.mw'.

\openout5 = `main.mw'.

\openout5 = `main.mw'.

\openout5 = `main.mw'.

\openout5 = `main.mw'.

\openout5 = `main.mw'.

)
 ***********
LaTeX2e <2023-11-01> patch level 1
L3 programming layer <2020/03/25>
 ***********
\openout5 = `main.idx'.

\openout5 = `main.glo'.

\openout5 = `main.acn'.

\openout5 = `main.toc'.

\openout5 = `main.lof'.

\openout5 = `main.lot'.

\openout5 = `main.loa'.

 ) 
Here is how much of TeX's memory you used:
 47696 strings out of 474222
 854927 string characters out of 5748733
 1943975 words of memory out of 5000000
 67436 multiletter control sequences out of 15000+600000
 699981 words of font info for 234 fonts, out of 8000000 for 9000
 1141 hyphenation exceptions out of 8191
 99i,16n,131p,2410b,2732s stack positions out of 10000i,1000n,20000p,200000b,200000s
</usr/share/texmf/fonts/type1/public/lm/lmbx10.pfb></usr/share/texmf/fonts/type1/public/lm/lmbx12.pfb></usr/share/texmf/fonts/type1/public/lm/lmbx8.pfb></usr/share/texmf/fonts/type1/public/lm/lmcsc10.pfb></usr/share/texmf/fonts/type1/public/lm/lmex10.pfb></usr/share/texmf/fonts/type1/public/lm/lmmi10.pfb></usr/share/texmf/fonts/type1/public/lm/lmmi6.pfb></usr/share/texmf/fonts/type1/public/lm/lmmi8.pfb></usr/share/texmf/fonts/type1/public/lm/lmr10.pfb></usr/share/texmf/fonts/type1/public/lm/lmr17.pfb></usr/share/texmf/fonts/type1/public/lm/lmr6.pfb></usr/share/texmf/fonts/type1/public/lm/lmr8.pfb></usr/share/texmf/fonts/type1/public/lm/lmri10.pfb></usr/share/texmf/fonts/type1/public/lm/lmss12.pfb></usr/share/texmf/fonts/type1/public/lm/lmsy10.pfb></usr/share/texmf/fonts/type1/public/lm/lmsy8.pfb></usr/share/texlive/texmf-dist/fonts/type1/urw/courier/ucrb8a.pfb></usr/share/texlive/texmf-dist/fonts/type1/urw/courier/ucrr8a.pfb></usr/share/texlive/texmf-dist/fonts/type1/urw/helvetic/uhvb8a.pfb></usr/share/texlive/texmf-dist/fonts/type1/urw/helvetic/uhvr8a.pfb>
Output written on build/main.pdf (49 pages, 390740 bytes).
PDF statistics:
 292 PDF objects out of 1000 (max. 8388607)
 190 compressed objects within 2 object streams
 0 named destinations out of 1000 (max. 500000)
 72227 words of extra memory for PDF output out of 74296 (max. 10000000)

