\BOOKMARK [0][-]{chapter*.4}{Abstract}{}% 1
\BOOKMARK [0][-]{section*.6}{Contents}{}% 2
\BOOKMARK [0][-]{chapter.1}{Introduction}{}% 3
\BOOKMARK [0][-]{chapter.2}{Methodology}{}% 4
\BOOKMARK [1][-]{section.2.1}{Overview\040of\040the\040approach}{chapter.2}% 5
\BOOKMARK [1][-]{section.2.2}{Input\040data}{chapter.2}% 6
\BOOKMARK [1][-]{section.2.3}{Choosing\040how\040to\040recover\040thickness}{chapter.2}% 7
\BOOKMARK [1][-]{section.2.4}{Aligning\040the\040mesh\040and\040the\040volume}{chapter.2}% 8
\BOOKMARK [1][-]{section.2.5}{Measuring\040leaflet\040thickness\040in\0403D\040Slicer}{chapter.2}% 9
\BOOKMARK [1][-]{section.2.6}{Spreading\040the\040measurements\040over\040the\040mesh}{chapter.2}% 10
\BOOKMARK [1][-]{section.2.7}{Building\040the\040solid\040model}{chapter.2}% 11
\BOOKMARK [1][-]{section.2.8}{Printing\040the\040complete\040model}{chapter.2}% 12
\BOOKMARK [0][-]{chapter.3}{Introduction\040to\040LaTeX}{}% 13
\BOOKMARK [1][-]{section.3.1}{Installation}{chapter.3}% 14
\BOOKMARK [1][-]{section.3.2}{Editors}{chapter.3}% 15
\BOOKMARK [1][-]{section.3.3}{Compilation}{chapter.3}% 16
\BOOKMARK [1][-]{section.3.4}{Basic\040Functionality}{chapter.3}% 17
\BOOKMARK [1][-]{section.3.5}{Bibliography}{chapter.3}% 18
\BOOKMARK [1][-]{section.3.6}{Table\040of\040Contents}{chapter.3}% 19
\BOOKMARK [1][-]{section.3.7}{Acronyms\040/\040Glossary\040/\040Index}{chapter.3}% 20
\BOOKMARK [1][-]{section.3.8}{Tips}{chapter.3}% 21
\BOOKMARK [1][-]{section.3.9}{Resources}{chapter.3}% 22
\BOOKMARK [0][-]{chapter*.16}{Overview\040of\040Generative\040AI\040Tools\040Used}{}% 23
\BOOKMARK [0][-]{section*.18}{List\040of\040Figures}{}% 24
\BOOKMARK [0][-]{section*.19}{List\040of\040Tables}{}% 25
\BOOKMARK [0][-]{chapter*.20}{List\040of\040Algorithms}{}% 26
\BOOKMARK [0][-]{section*.21}{Index}{}% 27
\BOOKMARK [0][-]{chapter*.22}{Bibliography}{}% 28
