\BOOKMARK [0][-]{chapter*.4}{Abstract}{}% 1
\BOOKMARK [0][-]{section*.6}{Contents}{}% 2
\BOOKMARK [0][-]{chapter.1}{Introduction}{}% 3
\BOOKMARK [0][-]{chapter.2}{Related\040Work}{}% 4
\BOOKMARK [0][-]{chapter.3}{Methodology}{}% 5
\BOOKMARK [1][-]{section.3.1}{Overview\040of\040the\040approach}{chapter.3}% 6
\BOOKMARK [1][-]{section.3.2}{Input\040data}{chapter.3}% 7
\BOOKMARK [1][-]{section.3.3}{Choosing\040how\040to\040recover\040thickness}{chapter.3}% 8
\BOOKMARK [1][-]{section.3.4}{Aligning\040the\040mesh\040and\040the\040volume}{chapter.3}% 9
\BOOKMARK [1][-]{section.3.5}{Measuring\040leaflet\040thickness\040in\0403D\040Slicer}{chapter.3}% 10
\BOOKMARK [1][-]{section.3.6}{Spreading\040the\040measurements\040over\040the\040mesh}{chapter.3}% 11
\BOOKMARK [1][-]{section.3.7}{Building\040the\040solid\040model}{chapter.3}% 12
\BOOKMARK [1][-]{section.3.8}{Printing\040the\040complete\040model}{chapter.3}% 13
\BOOKMARK [0][-]{chapter.4}{Results}{}% 14
\BOOKMARK [0][-]{chapter.5}{Conclusion}{}% 15
\BOOKMARK [0][-]{chapter*.12}{Overview\040of\040Generative\040AI\040Tools\040Used}{}% 16
\BOOKMARK [0][-]{section*.14}{List\040of\040Figures}{}% 17
\BOOKMARK [0][-]{section*.15}{List\040of\040Tables}{}% 18
\BOOKMARK [0][-]{chapter*.16}{List\040of\040Algorithms}{}% 19
\BOOKMARK [0][-]{chapter*.17}{Bibliography}{}% 20
